[2026-05-21 12:46:26] [INFO] === ZAPRET MANAGER started ===
[2026-05-21 12:46:26] [INFO] OS: Microsoft Windows NT 10.0.26200.0 | .NET: 8.0.27
[2026-05-21 12:46:26] [STEP] ZAPRET AUTO-SETUP
[2026-05-21 12:46:26] [INFO] Manager: v2.2.0  |  Zapret Core: 1.9.8c
[2026-05-21 12:46:26] [INFO] Рабочая папка: C:\Users\KnyshovDmitry\Downloads\12345-main\12345-main\publish
[2026-05-21 12:46:26] [INFO] .NET: 8.0.27
[2026-05-21 12:46:28] [OK] Manager актуален: v2.2.0
[2026-05-21 12:46:28] [OK] Zapret core актуален: 1.9.8c
[2026-05-21 12:46:31] [STEP] СТАТУС СЛУЖБ
[2026-05-21 12:46:31] [WARN] zapret: остановлена
[2026-05-21 12:46:31] [INFO]   WIN32_EXIT_CODE    : 1067  (0x42b)
[2026-05-21 12:46:31] [INFO]   Код 1067 = процесс завершился неожиданно. Переустановите через п.1
[2026-05-21 12:46:31] [OK] WinDivert: запущена
[2026-05-21 12:46:31] [INFO] WinDivert14: не установлена
[2026-05-21 12:46:31] [OK] WinDivert64.sys найден
[2026-05-21 12:46:31] [WARN] Bypass (winws.exe) НЕ запущен
[2026-05-21 12:46:31] [INFO] Стратегия: general (ALT) (определено по ImagePath)
[2026-05-21 12:46:31] [INFO] Путь winws: C:\Users\KnyshovDmitry\Downloads\12345-main\12345-main\publish\bin\winws.exe
[2026-05-21 12:46:50] [STEP] УСТАНОВКА СЛУЖБЫ
[2026-05-21 12:46:52] [INFO] ParseArgs [general (ALT).bat]: length=6225
[2026-05-21 12:46:52] [STEP] Устанавливаю службу: general (ALT).bat
[2026-05-21 12:46:57] [OK] Служба установлена и запущена: zapret
[2026-05-21 12:46:57] [OK] Служба zapret установлена и запущена: general (ALT).bat
[2026-05-21 12:47:01] [STEP] СТАТУС СЛУЖБ
[2026-05-21 12:47:01] [OK] zapret: запущена
[2026-05-21 12:47:01] [OK] WinDivert: запущена
[2026-05-21 12:47:01] [INFO] WinDivert14: не установлена
[2026-05-21 12:47:01] [OK] WinDivert64.sys найден
[2026-05-21 12:47:01] [OK] Bypass (winws.exe) запущен
[2026-05-21 12:47:01] [INFO] Стратегия: general (ALT)
[2026-05-21 12:47:01] [INFO] Путь winws: C:\Users\KnyshovDmitry\Downloads\12345-main\12345-main\publish\bin\winws.exe
