[2026-05-21 12:50:45] [INFO] === ZAPRET MANAGER started ===
[2026-05-21 12:50:45] [INFO] OS: Microsoft Windows NT 10.0.26200.0 | .NET: 8.0.27
[2026-05-21 12:50:45] [STEP] ZAPRET AUTO-SETUP
[2026-05-21 12:50:45] [INFO] Manager: v2.2.0  |  Zapret Core: 1.9.8c
[2026-05-21 12:50:45] [INFO] Рабочая папка: C:\Users\KnyshovDmitry\Downloads\12345-main\12345-main\publish
[2026-05-21 12:50:45] [INFO] .NET: 8.0.27
[2026-05-21 12:50:47] [OK] Manager актуален: v2.2.0
[2026-05-21 12:50:47] [OK] Zapret core актуален: 1.9.8c
[2026-05-21 12:50:48] [STEP] СТАТУС СЛУЖБ
[2026-05-21 12:50:48] [OK] zapret: запущена
[2026-05-21 12:50:48] [OK] WinDivert: запущена
[2026-05-21 12:50:48] [OK] WinDivert64.sys найден
[2026-05-21 12:50:48] [OK] Bypass (winws.exe) запущен
[2026-05-21 12:50:48] [INFO] Стратегия: general (ALT)
[2026-05-21 12:50:48] [INFO] Путь winws: C:\Users\KnyshovDmitry\Downloads\12345-main\12345-main\publish\bin\winws.exe
[2026-05-21 12:50:54] [STEP] IPSET ФИЛЬТР
[2026-05-21 12:50:54] [INFO] Текущий режим: loaded
[2026-05-21 12:50:54] [OK] Переключено в режим 'none'
[2026-05-21 12:50:57] [STEP] IPSET ФИЛЬТР
[2026-05-21 12:50:57] [INFO] Текущий режим: none
[2026-05-21 12:50:57] [OK] Переключено в режим 'any'
