[2026-05-20 13:49:09] [INFO] === ZAPRET MANAGER started ===
[2026-05-20 13:49:09] [INFO] OS: Microsoft Windows NT 10.0.26200.0 | .NET: 8.0.27
[2026-05-20 13:49:09] [STEP] ZAPRET AUTO-SETUP v2.1
[2026-05-20 13:49:09] [INFO] Рабочая папка: C:\Users\KnyshovDmitry\Downloads\12345-main\12345-main\publish
[2026-05-20 13:49:09] [INFO] .NET: 8.0.27
[2026-05-20 13:49:13] [WARN] Доступна новая версия zapret-manager: v2.1.0 (у вас: v?)
[2026-05-20 13:49:17] [WARN] Доступна новая версия zapret core: 1.9.8c (у вас: ?)
[2026-05-20 13:49:31] [STEP] Проверка необходимых файлов
[2026-05-20 13:49:31] [OK] winws.exe найден
[2026-05-20 13:49:31] [OK] curl.exe найден
[2026-05-20 13:49:31] [STEP] Проверка конфликтующих служб
[2026-05-20 13:49:31] [OK] Конфликтующих служб не найдено
[2026-05-20 13:49:31] [STEP] Настройка Game Filter
[2026-05-20 13:49:31] [INFO] Текущий статус: TCP + UDP
[2026-05-20 13:49:47] [INFO] Game Filter не изменён
[2026-05-20 13:49:47] [STEP] Включение TCP timestamps
[2026-05-20 13:49:48] [OK] TCP timestamps включены
[2026-05-20 13:49:48] [STEP] Загрузка списков IP и доменов с GitHub
[2026-05-20 13:49:48] [OK] ipset-exclude.txt: 11 строк
[2026-05-20 13:49:48] [OK] list-exclude.txt: 94 строк
[2026-05-20 13:49:48] [OK] list-google.txt: 19 строк
[2026-05-20 13:49:48] [OK] ipset-all.txt: 30996 строк
[2026-05-20 13:49:49] [OK] list-general.txt: 50 строк
[2026-05-20 13:49:49] [STEP] Очистка списков (дубликаты, пустые строки, невалидные IP)
[2026-05-20 13:49:50] [OK] Списки очищены
[2026-05-20 13:49:50] [STEP] Обновление файла hosts
[2026-05-20 13:49:50] [OK] Файл hosts актуален
[2026-05-20 13:49:50] [STEP] Проверка доступности сайтов БЕЗ обхода
[2026-05-20 13:49:58] [WARN] discord.com: недоступен (нужен обход)
[2026-05-20 13:49:58] [WARN] youtube.com: недоступен (нужен обход)
[2026-05-20 13:49:58] [WARN] gateway.discord: недоступен (нужен обход)
[2026-05-20 13:49:58] [WARN] googlevideo.com: недоступен (нужен обход)
[2026-05-20 13:49:58] [INFO] Найдено конфигов: 19
[2026-05-20 13:51:48] [STEP] Установка службы Windows: general (ALT11).bat
