[2026-05-21 11:27:25] [INFO] === ZAPRET MANAGER started ===
[2026-05-21 11:27:25] [INFO] OS: Microsoft Windows NT 10.0.26200.0 | .NET: 8.0.27
[2026-05-21 11:27:25] [STEP] ZAPRET AUTO-SETUP
[2026-05-21 11:27:25] [INFO] Manager: v2.2.0  |  Zapret Core: 1.9.8c
[2026-05-21 11:27:25] [INFO] Рабочая папка: C:\Users\KnyshovDmitry\Downloads\12345-main\12345-main\publish
[2026-05-21 11:27:25] [INFO] .NET: 8.0.27
[2026-05-21 11:27:43] [OK] Manager актуален: v2.2.0
[2026-05-21 11:27:43] [OK] Zapret core актуален: 1.9.8c
[2026-05-21 11:27:43] [STEP] ТЕСТ СТРАТЕГИЙ И УСТАНОВКА
[2026-05-21 11:27:45] [INFO] Загружено 4 целей из config.json
[2026-05-21 11:27:45] [INFO] Найдено конфигов: 19
[2026-05-21 11:27:49] [STEP] СТАНДАРТНЫЕ ТЕСТЫ (19 конфигов, 4 целей)
[2026-05-21 11:27:49] [WARN] Тесты займут несколько минут. Пожалуйста, подождите...
[2026-05-21 11:27:50] [INFO] Запуск конфигурации...
[2026-05-21 11:27:55] [INFO] Выполнение тестов...
[2026-05-21 11:28:01] [INFO] Запуск конфигурации...
[2026-05-21 11:28:06] [INFO] Выполнение тестов...
[2026-05-21 11:28:26] [INFO] Запуск конфигурации...
[2026-05-21 11:28:31] [INFO] Выполнение тестов...
[2026-05-21 11:28:37] [INFO] Запуск конфигурации...
[2026-05-21 11:28:42] [INFO] Выполнение тестов...
[2026-05-21 11:29:02] [INFO] Запуск конфигурации...
[2026-05-21 11:29:07] [INFO] Выполнение тестов...
[2026-05-21 11:29:17] [INFO] Запуск конфигурации...
[2026-05-21 11:29:22] [INFO] Выполнение тестов...
[2026-05-21 11:29:42] [INFO] Запуск конфигурации...
[2026-05-21 11:29:47] [INFO] Выполнение тестов...
[2026-05-21 11:30:07] [INFO] Запуск конфигурации...
[2026-05-21 11:30:12] [INFO] Выполнение тестов...
[2026-05-21 11:30:32] [INFO] Запуск конфигурации...
[2026-05-21 11:30:37] [INFO] Выполнение тестов...
[2026-05-21 11:30:43] [INFO] Запуск конфигурации...
[2026-05-21 11:30:48] [INFO] Выполнение тестов...
[2026-05-21 11:30:54] [INFO] Запуск конфигурации...
[2026-05-21 11:30:59] [INFO] Выполнение тестов...
[2026-05-21 11:31:05] [INFO] Запуск конфигурации...
[2026-05-21 11:31:10] [INFO] Выполнение тестов...
[2026-05-21 11:31:30] [INFO] Запуск конфигурации...
[2026-05-21 11:31:35] [INFO] Выполнение тестов...
[2026-05-21 11:31:55] [INFO] Запуск конфигурации...
[2026-05-21 11:32:00] [INFO] Выполнение тестов...
[2026-05-21 11:32:06] [INFO] Запуск конфигурации...
[2026-05-21 11:32:11] [INFO] Выполнение тестов...
[2026-05-21 11:32:31] [INFO] Запуск конфигурации...
[2026-05-21 11:32:36] [INFO] Выполнение тестов...
[2026-05-21 11:32:56] [INFO] Запуск конфигурации...
[2026-05-21 11:33:01] [INFO] Выполнение тестов...
[2026-05-21 11:33:06] [INFO] Запуск конфигурации...
[2026-05-21 11:33:11] [INFO] Выполнение тестов...
[2026-05-21 11:33:17] [INFO] Запуск конфигурации...
[2026-05-21 11:33:22] [INFO] Выполнение тестов...
[2026-05-21 11:33:41] [STEP] АНАЛИТИКА
[2026-05-21 11:33:41] [OK] Лучший конфиг: general (ALT).bat
[2026-05-21 11:33:41] [OK] Результаты сохранены: C:\Users\KnyshovDmitry\Downloads\12345-main\12345-main\publish\utils\test results\test_results_2026-05-21_11-33-41.txt
[2026-05-21 11:33:41] [OK] Лучшая стратегия: general (ALT).bat
[2026-05-21 11:33:50] [STEP] Установка службы: general (ALT).bat
[2026-05-21 11:33:50] [INFO] ParseArgs [general (ALT).bat]: length=6225
[2026-05-21 11:33:51] [OK] Служба установлена: zapret
[2026-05-21 11:33:51] [OK] Служба zapret установлена!
[2026-05-21 11:34:02] [OK] discord.com: HTTP 200
[2026-05-21 11:34:02] [OK] youtube.com: HTTP 200
[2026-05-21 11:34:02] [WARN] gateway.discord: недоступен
[2026-05-21 11:34:02] [WARN] googlevideo.com: недоступен
