[2026-05-21 15:20:59] [INFO] === ZAPRET MANAGER started ===
[2026-05-21 15:20:59] [INFO] OS: Microsoft Windows NT 10.0.26200.0 | .NET: 8.0.27
[2026-05-21 15:20:59] [INFO] Фоновая проверка обновлений запущена (интервал: каждый час)
[2026-05-21 15:20:59] [STEP] ZAPRET AUTO-SETUP
[2026-05-21 15:20:59] [INFO] Manager: v2.4.0  |  Zapret Core: 1.9.8c
[2026-05-21 15:20:59] [INFO] Рабочая папка: C:\Users\KnyshovDmitry\Downloads\12345-main\12345-main\publish
[2026-05-21 15:20:59] [INFO] .NET: 8.0.27
[2026-05-21 15:21:10] [WARN] Доступна новая версия zapret-manager: v2.3.0 (у вас: v2.4.0)
[2026-05-21 15:21:15] [OK] Zapret core актуален: 1.9.8c
[2026-05-21 15:21:15] [STEP] УДАЛЕНИЕ ZAPRET
[2026-05-21 15:21:15] [WARN] Будут удалены ВСЕ службы zapret, WinDivert, WinDivert14.
[2026-05-21 15:21:15] [INFO] Ваши списки в папке lists/ сохранены.
[2026-05-21 15:21:20] [OK] Служба удалена: zapret
[2026-05-21 15:21:20] [OK] Служба удалена: zapret
[2026-05-21 15:21:20] [OK] Служба удалена: WinDivert
[2026-05-21 15:21:20] [OK] Служба удалена: WinDivert14
[2026-05-21 15:21:20] [OK] Готово. Списки в папке lists/ сохранены.
[2026-05-21 15:21:28] [STEP] ZAPRET AUTO-SETUP
[2026-05-21 15:21:28] [INFO] Manager: v2.4.0  |  Zapret Core: 1.9.8c
[2026-05-21 15:21:28] [INFO] Рабочая папка: C:\Users\KnyshovDmitry\Downloads\12345-main\12345-main\publish
[2026-05-21 15:21:28] [INFO] .NET: 8.0.27
[2026-05-21 15:21:30] [WARN] Доступна новая версия zapret-manager: v2.3.0 (у вас: v2.4.0)
[2026-05-21 15:21:32] [OK] Zapret core актуален: 1.9.8c
[2026-05-21 15:21:32] [STEP] Проверка необходимых файлов
[2026-05-21 15:21:32] [OK] winws.exe найден
[2026-05-21 15:21:32] [OK] curl.exe найден
[2026-05-21 15:21:32] [STEP] Защита файлов от антивируса
[2026-05-21 15:21:33] [INFO] Added Defender folder exclusion: C:\Users\KnyshovDmitry\Downloads\12345-main\12345-main\publish
[2026-05-21 15:21:34] [INFO] Added Defender folder exclusion: C:\Users\KnyshovDmitry\Downloads\12345-main\12345-main
[2026-05-21 15:21:35] [INFO] Added Defender process exclusion: winws.exe
[2026-05-21 15:21:35] [INFO] Added Defender process exclusion: TgWsProxy_windows.exe
[2026-05-21 15:21:35] [OK] Папка C:\Users\KnyshovDmitry\Downloads\12345-main\12345-main\publish добавлена в исключения Windows Defender. Все файлы на месте.
[2026-05-21 15:21:35] [STEP] Проверка TgWsProxy
[2026-05-21 15:21:35] [OK] TgWsProxy_windows.exe: C:\Users\KnyshovDmitry\Downloads\12345-main\12345-main\publish\TgWsProxy_windows.exe
[2026-05-21 15:21:35] [STEP] Проверка конфликтующих служб
[2026-05-21 15:21:35] [OK] Конфликтующих служб не найдено
[2026-05-21 15:21:35] [STEP] Настройка Game Filter
[2026-05-21 15:21:35] [INFO] Текущий статус: TCP + UDP
[2026-05-21 15:21:51] [INFO] Game Filter не изменён
[2026-05-21 15:21:51] [STEP] Настройка IPSet фильтра
[2026-05-21 15:21:51] [INFO] Текущий режим: loaded
[2026-05-21 15:21:54] [OK] IPSet: any (обход всех IP)
[2026-05-21 15:21:54] [STEP] Настройка режима обновлений
[2026-05-21 15:21:54] [INFO] Текущий режим: автоматический
[2026-05-21 15:21:58] [OK] Режим обновлений: автоматический
[2026-05-21 15:21:58] [STEP] Включение TCP timestamps
[2026-05-21 15:21:58] [OK] TCP timestamps включены
[2026-05-21 15:21:58] [STEP] Загрузка списков IP и доменов с GitHub
[2026-05-21 15:21:58] [OK] ipset-all.txt: 30996 строк
[2026-05-21 15:21:58] [OK] ipset-exclude.txt: 11 строк
[2026-05-21 15:21:58] [OK] list-google.txt: 19 строк
[2026-05-21 15:21:58] [OK] list-exclude.txt: 94 строк
[2026-05-21 15:21:58] [OK] list-general.txt: 50 строк
[2026-05-21 15:21:58] [STEP] Очистка списков (дубликаты, пустые строки, невалидные IP)
[2026-05-21 15:22:01] [OK] Списки очищены
[2026-05-21 15:22:01] [STEP] Обновление файла hosts
[2026-05-21 15:22:01] [OK] Файл hosts актуален
[2026-05-21 15:22:01] [OK] Файл hosts актуален
[2026-05-21 15:22:01] [STEP] Проверка доступности сайтов БЕЗ обхода
[2026-05-21 15:22:09] [WARN] discord.com: недоступен (нужен обход)
[2026-05-21 15:22:09] [WARN] youtube.com: недоступен (нужен обход)
[2026-05-21 15:22:09] [WARN] gateway.discord: недоступен (нужен обход)
[2026-05-21 15:22:09] [WARN] googlevideo.com: недоступен (нужен обход)
[2026-05-21 15:22:09] [INFO] Найдено конфигов: 19
[2026-05-21 15:22:13] [INFO] Установка отменена
