[2026-05-21 15:23:05] [INFO] === ZAPRET MANAGER started ===
[2026-05-21 15:23:05] [INFO] OS: Microsoft Windows NT 10.0.26200.0 | .NET: 8.0.27
[2026-05-21 15:23:05] [INFO] Фоновая проверка обновлений запущена (интервал: каждый час)
[2026-05-21 15:23:05] [STEP] ZAPRET AUTO-SETUP
[2026-05-21 15:23:05] [INFO] Manager: v2.4.0  |  Zapret Core: 1.9.8c
[2026-05-21 15:23:05] [INFO] Рабочая папка: C:\Users\KnyshovDmitry\Downloads\12345-main\12345-main\publish
[2026-05-21 15:23:05] [INFO] .NET: 8.0.27
[2026-05-21 15:23:08] [OK] Manager актуален: v2.4.0
[2026-05-21 15:23:08] [OK] Zapret core актуален: 1.9.8c
[2026-05-21 15:23:08] [STEP] Проверка необходимых файлов
[2026-05-21 15:23:08] [OK] winws.exe найден
[2026-05-21 15:23:08] [OK] curl.exe найден
[2026-05-21 15:23:08] [STEP] Защита файлов от антивируса
[2026-05-21 15:23:08] [INFO] Added Defender folder exclusion: C:\Users\KnyshovDmitry\Downloads\12345-main\12345-main\publish
[2026-05-21 15:23:09] [INFO] Added Defender folder exclusion: C:\Users\KnyshovDmitry\Downloads\12345-main\12345-main
[2026-05-21 15:23:10] [INFO] Added Defender process exclusion: winws.exe
[2026-05-21 15:23:10] [INFO] Added Defender process exclusion: TgWsProxy_windows.exe
[2026-05-21 15:23:10] [OK] Папка C:\Users\KnyshovDmitry\Downloads\12345-main\12345-main\publish добавлена в исключения Windows Defender. Все файлы на месте.
[2026-05-21 15:23:10] [STEP] Проверка TgWsProxy
[2026-05-21 15:23:10] [OK] TgWsProxy_windows.exe: C:\Users\KnyshovDmitry\Downloads\12345-main\12345-main\publish\TgWsProxy_windows.exe
[2026-05-21 15:23:10] [STEP] Проверка конфликтующих служб
[2026-05-21 15:23:10] [OK] Конфликтующих служб не найдено
[2026-05-21 15:23:10] [STEP] Настройка Game Filter
[2026-05-21 15:23:10] [INFO] Текущий статус: TCP + UDP
[2026-05-21 15:23:11] [INFO] Game Filter не изменён
[2026-05-21 15:23:11] [STEP] Настройка IPSet фильтра
[2026-05-21 15:23:11] [INFO] Текущий режим: loaded
[2026-05-21 15:23:14] [OK] IPSet: any (обход всех IP)
[2026-05-21 15:23:14] [STEP] Настройка режима обновлений
[2026-05-21 15:23:14] [INFO] Текущий режим: автоматический
[2026-05-21 15:23:17] [OK] Режим обновлений: автоматический
[2026-05-21 15:23:17] [STEP] Включение TCP timestamps
[2026-05-21 15:23:17] [OK] TCP timestamps включены
[2026-05-21 15:23:17] [STEP] Загрузка списков IP и доменов с GitHub
[2026-05-21 15:23:17] [OK] ipset-exclude.txt: 11 строк
[2026-05-21 15:23:17] [OK] list-google.txt: 19 строк
[2026-05-21 15:23:17] [OK] list-exclude.txt: 94 строк
[2026-05-21 15:23:17] [OK] list-general.txt: 50 строк
[2026-05-21 15:23:17] [OK] ipset-all.txt: 30996 строк
[2026-05-21 15:23:17] [STEP] Очистка списков (дубликаты, пустые строки, невалидные IP)
[2026-05-21 15:23:20] [OK] Списки очищены
[2026-05-21 15:23:20] [STEP] Обновление файла hosts
[2026-05-21 15:23:20] [OK] Файл hosts актуален
[2026-05-21 15:23:20] [OK] Файл hosts актуален
[2026-05-21 15:23:20] [STEP] Проверка доступности сайтов БЕЗ обхода
[2026-05-21 15:23:27] [WARN] discord.com: недоступен (нужен обход)
[2026-05-21 15:23:27] [WARN] youtube.com: недоступен (нужен обход)
[2026-05-21 15:23:27] [WARN] gateway.discord: недоступен (нужен обход)
[2026-05-21 15:23:27] [WARN] googlevideo.com: недоступен (нужен обход)
[2026-05-21 15:23:27] [INFO] Найдено конфигов: 19
[2026-05-21 15:23:39] [INFO] ParseArgs [general (ALT11).bat]: length=6959
[2026-05-21 15:23:39] [STEP] Установка службы Windows: general (ALT11).bat
[2026-05-21 15:23:39] [INFO] Аргументы winws: --wf-tcp=80,443,2053,2083,2087,2096,8443,1024-65535 --wf-udp=443,19294-19344,50000-50100,1024-65535 --filter-udp=443 --hostlist="C:\Users\KnyshovDmitry\Downloads\12345-main\12345-main\publish\lists\list-general.txt" --hostlist="C:\Users\KnyshovDmitry\Downloads\12345-main\12345-main\publish\lists\list-general-user.txt" --hostlist-exclude="C:\Users\KnyshovDmitry\Downloads\12345-main\12345-main\publish\lists\list-exclude.txt" --hostlist-exclude="C:\Users\KnyshovDmitry\Downloads\12345-main\12345-main\publish\lists\list-exclude-user.txt" --ipset-exclude="C:\Users\KnyshovDmitry\Downloads\12345-main\12345-main\publish\lists\ipset-exclude.txt" --ipset-exclude="C:\Users\KnyshovDmitry\Downloads\12345-main\12345-main\publish\lists\ipset-exclude-user.txt" --dpi-desync=fake --dpi-desync-repeats=11 --dpi-desync-fake-quic="C:\Users\KnyshovDmitry\Downloads\12345-main\12345-main\publish\bin\quic_initial_www_google_com.bin" --new --filter-udp=19294-19344,50000-50100 --filter-l7=discord,stun --dpi-desync=fake --dpi-desync-fake-discord="C:\Users\KnyshovDmitry\Downloads\12345-main\12345-main\publish\bin\quic_initial_dbankcloud_ru.bin" --dpi-desync-fake-stun="C:\Users\KnyshovDmitry\Downloads\12345-main\12345-main\publish\bin\quic_initial_dbankcloud_ru.bin" --dpi-desync-repeats=6 --new --filter-tcp=2053,2083,2087,2096,8443 --hostlist-domains=discord.media --dpi-desync=fake,multisplit --dpi-desync-split-seqovl=681 --dpi-desync-split-pos=1 --dpi-desync-fooling=ts --dpi-desync-repeats=8 --dpi-desync-split-seqovl-pattern="C:\Users\KnyshovDmitry\Downloads\12345-main\12345-main\publish\bin\tls_clienthello_www_google_com.bin" --dpi-desync-fake-tls="C:\Users\KnyshovDmitry\Downloads\12345-main\12345-main\publish\bin\tls_clienthello_www_google_com.bin" --new --filter-tcp=443 --hostlist="C:\Users\KnyshovDmitry\Downloads\12345-main\12345-main\publish\lists\list-google.txt" --ip-id=zero --dpi-desync=fake,multisplit --dpi-desync-split-seqovl=681 --dpi-desync-split-pos=1 --dpi-desync-fooling=ts --dpi-desync-repeats=8 --dpi-desync-split-seqovl-pattern="C:\Users\KnyshovDmitry\Downloads\12345-main\12345-main\publish\bin\tls_clienthello_www_google_com.bin" --dpi-desync-fake-tls="C:\Users\KnyshovDmitry\Downloads\12345-main\12345-main\publish\bin\tls_clienthello_www_google_com.bin" --new --filter-tcp=80,443 --hostlist="C:\Users\KnyshovDmitry\Downloads\12345-main\12345-main\publish\lists\list-general.txt" --hostlist="C:\Users\KnyshovDmitry\Downloads\12345-main\12345-main\publish\lists\list-general-user.txt" --hostlist-exclude="C:\Users\KnyshovDmitry\Downloads\12345-main\12345-main\publish\lists\list-exclude.txt" --hostlist-exclude="C:\Users\KnyshovDmitry\Downloads\12345-main\12345-main\publish\lists\list-exclude-user.txt" --ipset-exclude="C:\Users\KnyshovDmitry\Downloads\12345-main\12345-main\publish\lists\ipset-exclude.txt" --ipset-exclude="C:\Users\KnyshovDmitry\Downloads\12345-main\12345-main\publish\lists\ipset-exclude-user.txt" --dpi-desync=fake,multisplit --dpi-desync-split-seqovl=664 --dpi-desync-split-pos=1 --dpi-desync-fooling=ts --dpi-desync-repeats=8 --dpi-desync-split-seqovl-pattern="C:\Users\KnyshovDmitry\Downloads\12345-main\12345-main\publish\bin\tls_clienthello_max_ru.bin" --dpi-desync-fake-tls="C:\Users\KnyshovDmitry\Downloads\12345-main\12345-main\publish\bin\stun.bin" --dpi-desync-fake-tls="C:\Users\KnyshovDmitry\Downloads\12345-main\12345-main\publish\bin\tls_clienthello_max_ru.bin" --dpi-desync-fake-http="C:\Users\KnyshovDmitry\Downloads\12345-main\12345-main\publish\bin\tls_clienthello_max_ru.bin" --new --filter-udp=443 --ipset="C:\Users\KnyshovDmitry\Downloads\12345-main\12345-main\publish\lists\ipset-all.txt" --hostlist-exclude="C:\Users\KnyshovDmitry\Downloads\12345-main\12345-main\publish\lists\list-exclude.txt" --hostlist-exclude="C:\Users\KnyshovDmitry\Downloads\12345-main\12345-main\publish\lists\list-exclude-user.txt" --ipset-exclude="C:\Users\KnyshovDmitry\Downloads\12345-main\12345-main\publish\lists\ipset-exclude.txt" --ipset-exclude="C:\Users\KnyshovDmitry\Downloads\12345-main\12345-main\publish\lists\ipset-exclude-user.txt" --dpi-desync=fake --dpi-desync-repeats=11 --dpi-desync-fake-quic="C:\Users\KnyshovDmitry\Downloads\12345-main\12345-main\publish\bin\quic_initial_www_google_com.bin" --new --filter-tcp=80,443,8443 --ipset="C:\Users\KnyshovDmitry\Downloads\12345-main\12345-main\publish\lists\ipset-all.txt" --hostlist-exclude="C:\Users\KnyshovDmitry\Downloads\12345-main\12345-main\publish\lists\list-exclude.txt" --hostlist-exclude="C:\Users\KnyshovDmitry\Downloads\12345-main\12345-main\publish\lists\list-exclude-user.txt" --ipset-exclude="C:\Users\KnyshovDmitry\Downloads\12345-main\12345-main\publish\lists\ipset-exclude.txt" --ipset-exclude="C:\Users\KnyshovDmitry\Downloads\12345-main\12345-main\publish\lists\ipset-exclude-user.txt" --dpi-desync=fake,multisplit --dpi-desync-split-seqovl=664 --dpi-desync-split-pos=1 --dpi-desync-fooling=ts --dpi-desync-repeats=8 --dpi-desync-split-seqovl-pattern="C:\Users\KnyshovDmitry\Downloads\12345-main\12345-main\publish\bin\tls_clienthello_max_ru.bin" --dpi-desync-fake-tls="C:\Users\KnyshovDmitry\Downloads\12345-main\12345-main\publish\bin\stun.bin" --dpi-desync-fake-tls="C:\Users\KnyshovDmitry\Downloads\12345-main\12345-main\publish\bin\tls_clienthello_max_ru.bin" --dpi-desync-fake-http="C:\Users\KnyshovDmitry\Downloads\12345-main\12345-main\publish\bin\tls_clienthello_max_ru.bin" --new --filter-tcp=1024-65535 --ipset="C:\Users\KnyshovDmitry\Downloads\12345-main\12345-main\publish\lists\ipset-all.txt" --ipset-exclude="C:\Users\KnyshovDmitry\Downloads\12345-main\12345-main\publish\lists\ipset-exclude.txt" --ipset-exclude="C:\Users\KnyshovDmitry\Downloads\12345-main\12345-main\publish\lists\ipset-exclude-user.txt" --dpi-desync=fake,multisplit --dpi-desync-any-protocol=1 --dpi-desync-cutoff=n4 --dpi-desync-split-seqovl=664 --dpi-desync-split-pos=1 --dpi-desync-fooling=ts --dpi-desync-repeats=8 --dpi-desync-split-seqovl-pattern="C:\Users\KnyshovDmitry\Downloads\12345-main\12345-main\publish\bin\tls_clienthello_max_ru.bin" --dpi-desync-fake-tls="C:\Users\KnyshovDmitry\Downloads\12345-main\12345-main\publish\bin\stun.bin" --dpi-desync-fake-tls="C:\Users\KnyshovDmitry\Downloads\12345-main\12345-main\publish\bin\tls_clienthello_max_ru.bin" --dpi-desync-fake-http="C:\Users\KnyshovDmitry\Downloads\12345-main\12345-main\publish\bin\tls_clienthello_max_ru.bin" --new --filter-udp=1024-65535 --ipset="C:\Users\KnyshovDmitry\Downloads\12345-main\12345-main\publish\lists\ipset-all.txt" --ipset-exclude="C:\Users\KnyshovDmitry\Downloads\12345-main\12345-main\publish\lists\ipset-exclude.txt" --ipset-exclude="C:\Users\KnyshovDmitry\Downloads\12345-main\12345-main\publish\lists\ipset-exclude-user.txt" --dpi-desync=fake --dpi-desync-repeats=10 --dpi-desync-any-protocol=1 --dpi-desync-fake-unknown-udp="C:\Users\KnyshovDmitry\Downloads\12345-main\12345-main\publish\bin\quic_initial_dbankcloud_ru.bin" --dpi-desync-cutoff=n4
[2026-05-21 15:23:39] [INFO] Recovery policy установлена: restart 5s/30s/60s
[2026-05-21 15:23:39] [OK] Служба установлена и запущена: zapret
[2026-05-21 15:23:39] [OK] Служба 'zapret' установлена и запущена: general (ALT11).bat
[2026-05-21 15:23:39] [STEP] Проверка доступности С обходом (ждём 5 сек...)
[2026-05-21 15:23:50] [OK] discord.com: HTTP 200
[2026-05-21 15:23:50] [OK] youtube.com: HTTP 200
[2026-05-21 15:23:50] [WARN] gateway.discord: всё ещё недоступен
[2026-05-21 15:23:50] [WARN] googlevideo.com: всё ещё недоступен
[2026-05-21 15:23:50] [WARN] Частично: 2/4. Попробуйте другую стратегию.
[2026-05-21 15:23:53] [INFO] === Установка завершена ===
[2026-05-21 15:23:53] [STEP] ZAPRET AUTO-SETUP
[2026-05-21 15:23:53] [INFO] Manager: v2.4.0  |  Zapret Core: 1.9.8c
[2026-05-21 15:23:53] [INFO] Рабочая папка: C:\Users\KnyshovDmitry\Downloads\12345-main\12345-main\publish
[2026-05-21 15:23:53] [INFO] .NET: 8.0.27
[2026-05-21 15:23:57] [OK] Manager актуален: v2.4.0
[2026-05-21 15:23:57] [OK] Zapret core актуален: 1.9.8c
[2026-05-21 15:23:57] [STEP] ДИАГНОСТИКА
[2026-05-21 15:23:57] [STEP] Запуск полной диагностики...
[2026-05-21 15:23:57] [OK] Base Filtering Engine check passed
[2026-05-21 15:23:57] [OK] Proxy check passed
[2026-05-21 15:23:57] [OK] TCP timestamps successfully enabled
[2026-05-21 15:23:57] [OK] Adguard check passed
[2026-05-21 15:23:57] [OK] Killer check passed
[2026-05-21 15:23:57] [OK] Intel Connectivity check passed
[2026-05-21 15:23:57] [OK] Check Point check passed
[2026-05-21 15:23:57] [OK] SmartByte check passed
[2026-05-21 15:23:57] [OK] WinDivert64.sys found
[2026-05-21 15:23:57] [WARN] [?] VPN services found: Adguard VPN Service, MBVpnTunnelService, OpenVPNAccessClient. Some VPNs can conflict with zapret. Make sure all VPNs are disabled
[2026-05-21 15:23:57] [WARN] [?] Make sure you have configured secure DNS in a browser with some non-default DNS service provider. If you use Windows 11, you can configure encrypted DNS in Settings to hide this warning
[2026-05-21 15:23:57] [OK] Hosts file check passed
[2026-05-21 15:23:57] [OK] WinDivert conflict check passed
[2026-05-21 15:23:57] [OK] Конфликтующих служб не найдено
[2026-05-21 15:23:57] [STEP] Проверка доступности ресурсов...
[2026-05-21 15:24:03] [OK] discord.com: HTTP 200
[2026-05-21 15:24:03] [OK] youtube.com: HTTP 200
[2026-05-21 15:24:03] [WARN] gateway.discord: недоступен
[2026-05-21 15:24:03] [WARN] googlevideo.com: недоступен
[2026-05-21 15:24:03] [OK] Все критичные файлы на месте
[2026-05-21 15:24:03] [STEP] Проверка DNS-резолвинга...
[2026-05-21 15:24:03] [OK] discord.com: 162.159.136.232, 162.159.135.232, 162.159.137.232, 162.159.128.233, 162.159.138.232 (1 мс)
[2026-05-21 15:24:03] [OK] www.youtube.com: 74.125.205.198 (0 мс)
[2026-05-21 15:24:03] [OK] gateway.discord.gg: 162.159.136.234, 162.159.135.234, 162.159.134.234, 162.159.133.234, 162.159.130.234 (0 мс)
[2026-05-21 15:24:03] [OK] googlevideo.com: 74.125.131.99, 74.125.131.103, 74.125.131.147, 74.125.131.106, 74.125.131.104, 74.125.131.105 (0 мс)
[2026-05-21 15:24:03] [OK] DNS: 4/4 хостов резолвятся
[2026-05-21 15:24:10] [INFO] Кэш Discord не найден
[2026-05-21 15:24:12] [STEP] ЭКСПОРТ ОТЧЁТА
