[2026-05-21 11:35:02] [INFO] === ZAPRET MANAGER started ===
[2026-05-21 11:35:02] [INFO] OS: Microsoft Windows NT 10.0.26200.0 | .NET: 8.0.27
[2026-05-21 11:35:02] [STEP] ZAPRET AUTO-SETUP
[2026-05-21 11:35:02] [INFO] Manager: v2.2.0  |  Zapret Core: 1.9.8c
[2026-05-21 11:35:02] [INFO] Рабочая папка: C:\Users\KnyshovDmitry\Downloads\12345-main\12345-main\publish
[2026-05-21 11:35:02] [INFO] .NET: 8.0.27
[2026-05-21 11:35:04] [OK] Manager актуален: v2.2.0
[2026-05-21 11:35:04] [OK] Zapret core актуален: 1.9.8c
[2026-05-21 11:35:18] [STEP] TG WS PROXY
[2026-05-21 11:35:18] [ERROR] tg-ws-proxy.exe не найден
[2026-05-21 11:35:22] [STEP] ТЕСТЫ СТРАТЕГИЙ
[2026-05-21 11:35:23] [INFO] Найдено конфигов: 19
[2026-05-21 11:35:25] [INFO] Сохранён snapshot 1 запущенных winws.exe
[2026-05-21 11:35:25] [STEP] Загрузка DPI suite...
[2026-05-21 11:35:25] [WARN] IPSet в режиме 'loaded'. Переключение в 'any' для точных DPI тестов...
[2026-05-21 11:35:25] [INFO] IPSet переключён в режим 'any' для тестов
[2026-05-21 11:35:25] [WARN] Тесты займут несколько минут. Пожалуйста, подождите...
[2026-05-21 11:35:31] [INFO] Выполнение DPI тестов...
[2026-05-21 11:35:31] [INFO] DPI тест: 36 targets, range=0-65535, timeout=5s
[2026-05-21 11:35:52] [WARN] Обнаружен паттерн блокировки DPI TCP 16-20KB.
[2026-05-21 11:35:59] [INFO] Выполнение DPI тестов...
[2026-05-21 11:35:59] [INFO] DPI тест: 36 targets, range=0-65535, timeout=5s
