[2026-05-21 16:54:22] [INFO] === ZAPRET MANAGER started ===
[2026-05-21 16:54:22] [INFO] OS: Microsoft Windows NT 10.0.26200.0 | .NET: 8.0.27
[2026-05-21 16:54:22] [INFO] Фоновая проверка обновлений запущена (интервал: каждый час)
[2026-05-21 16:54:22] [STEP] ZAPRET AUTO-SETUP
[2026-05-21 16:54:22] [INFO] Manager: v2.5.0  |  Zapret Core: 1.9.8c
[2026-05-21 16:54:22] [INFO] Рабочая папка: C:\Users\KnyshovDmitry\Downloads\12345-main\12345-main\publish
[2026-05-21 16:54:22] [INFO] .NET: 8.0.27
[2026-05-21 16:54:46] [OK] Manager актуален: v2.5.0
[2026-05-21 16:54:46] [OK] Zapret core актуален: 1.9.8c
[2026-05-21 16:54:53] [STEP] WATCHDOG (АВТОРОТАЦИЯ)
[2026-05-21 16:54:53] [INFO] Статус: выключён
[2026-05-21 16:54:53] [INFO] Интервал: 5 мин
[2026-05-21 16:54:53] [INFO] Порог сбоев: 3 подряд
[2026-05-21 16:54:53] [INFO] Кулдаун: 15 мин
[2026-05-21 16:54:53] [WARN] Нет данных тестов. Запустите тест стратегий (п.11) для авторотации.
[2026-05-21 16:55:10] [STEP] ОПРЕДЕЛЕНИЕ ПРОВАЙДЕРА
[2026-05-21 16:55:10] [INFO] Определение провайдера...
[2026-05-21 16:55:10] [INFO] Нет специфических рекомендаций для вашего ISP.
[2026-05-21 16:55:10] [INFO] Запустите тест стратегий (п.11) для определения лучшей.
[2026-05-21 16:55:28] [STEP] УПРАВЛЕНИЕ ДОМЕНАМИ
[2026-05-21 16:55:37] [STEP] УПРАВЛЕНИЕ ДОМЕНАМИ
[2026-05-21 16:55:42] [STEP] ВЫБОР СЕТЕВОГО АДАПТЕРА
[2026-05-21 16:55:51] [OK] Адаптер: авто
[2026-05-21 16:55:55] [STEP] ЭКСПОРТ / ИМПОРТ НАСТРОЕК
[2026-05-21 16:56:01] [STEP] РЕДАКТОР СТРАТЕГИЙ
[2026-05-21 16:56:04] [STEP] СОЗДАНИЕ СТРАТЕГИИ
[2026-05-21 16:56:04] [INFO] Доступные шаблоны:
[2026-05-21 16:56:07] [STEP] НОВАЯ СТРАТЕГИЯ (на базе шаблона)
[2026-05-21 16:56:29] [STEP] SPEED-ТЕСТ
[2026-05-21 16:56:29] [INFO] Сравнение скорости БЕЗ обхода и С обходом
[2026-05-21 16:56:29] [INFO] Используется Cloudflare CDN (10MB download, 1MB upload)
[2026-05-21 16:56:32] [STEP] Тест БЕЗ обхода DPI
[2026-05-21 16:56:35] [INFO] Измерение задержки...
[2026-05-21 16:56:35] [INFO] Тест скорости загрузки...
[2026-05-21 16:57:05] [WARN] Download speed test failed: The request was canceled due to the configured HttpClient.Timeout of 30 seconds elapsing.
[2026-05-21 16:57:05] [INFO] Тест скорости отдачи...
[2026-05-21 16:57:05] [STEP] Тест С обходом DPI
[2026-05-21 16:57:08] [INFO] Измерение задержки...
[2026-05-21 16:57:09] [INFO] Тест скорости загрузки...
[2026-05-21 16:57:10] [INFO] Тест скорости отдачи...
[2026-05-21 16:57:34] [STEP] ZAPRET AUTO-SETUP
[2026-05-21 16:57:34] [INFO] Manager: v2.5.0  |  Zapret Core: 1.9.8c
[2026-05-21 16:57:34] [INFO] Рабочая папка: C:\Users\KnyshovDmitry\Downloads\12345-main\12345-main\publish
[2026-05-21 16:57:34] [INFO] .NET: 8.0.27
[2026-05-21 16:57:38] [OK] Manager актуален: v2.5.0
[2026-05-21 16:57:38] [OK] Zapret core актуален: 1.9.8c
