[2026-05-20 14:14:31] [INFO] === ZAPRET MANAGER started ===
[2026-05-20 14:14:31] [INFO] OS: Microsoft Windows NT 10.0.26200.0 | .NET: 8.0.27
[2026-05-20 14:14:31] [STEP] ZAPRET AUTO-SETUP
[2026-05-20 14:14:31] [INFO] Manager: v2.1.0  |  Zapret Core: 1.9.8c
[2026-05-20 14:14:31] [INFO] Рабочая папка: C:\Users\KnyshovDmitry\Downloads\12345-main\12345-main\publish
[2026-05-20 14:14:31] [INFO] .NET: 8.0.27
[2026-05-20 14:14:34] [OK] Zapret core актуален: 1.9.8c
[2026-05-20 14:14:34] [STEP] Проверка необходимых файлов
[2026-05-20 14:14:34] [OK] winws.exe найден
[2026-05-20 14:14:34] [OK] curl.exe найден
[2026-05-20 14:14:34] [STEP] Проверка конфликтующих служб
[2026-05-20 14:14:34] [OK] Конфликтующих служб не найдено
[2026-05-20 14:14:34] [STEP] Настройка Game Filter
[2026-05-20 14:14:34] [INFO] Текущий статус: TCP + UDP
[2026-05-20 14:15:15] [INFO] Game Filter не изменён
[2026-05-20 14:15:15] [STEP] Включение TCP timestamps
[2026-05-20 14:15:15] [OK] TCP timestamps включены
[2026-05-20 14:15:15] [STEP] Загрузка списков IP и доменов с GitHub
[2026-05-20 14:15:15] [OK] list-exclude.txt: 94 строк
[2026-05-20 14:15:15] [OK] list-general.txt: 50 строк
[2026-05-20 14:15:15] [OK] list-google.txt: 19 строк
[2026-05-20 14:15:15] [OK] ipset-exclude.txt: 11 строк
[2026-05-20 14:15:15] [OK] ipset-all.txt: 30996 строк
[2026-05-20 14:15:15] [STEP] Очистка списков (дубликаты, пустые строки, невалидные IP)
[2026-05-20 14:15:17] [OK] Списки очищены
[2026-05-20 14:15:17] [STEP] Обновление файла hosts
[2026-05-20 14:15:17] [OK] Файл hosts актуален
[2026-05-20 14:15:17] [OK] Файл hosts актуален
[2026-05-20 14:15:17] [STEP] Проверка доступности сайтов БЕЗ обхода
[2026-05-20 14:15:24] [WARN] discord.com: недоступен (нужен обход)
[2026-05-20 14:15:24] [WARN] youtube.com: недоступен (нужен обход)
[2026-05-20 14:15:24] [WARN] gateway.discord: недоступен (нужен обход)
[2026-05-20 14:15:24] [WARN] googlevideo.com: недоступен (нужен обход)
[2026-05-20 14:15:24] [INFO] Найдено конфигов: 19
[2026-05-20 14:15:29] [INFO] ParseArgs [general (ALT11).bat]: length=6959
[2026-05-20 14:15:29] [STEP] Установка службы Windows: general (ALT11).bat
[2026-05-20 14:15:29] [INFO] Аргументы winws: --wf-tcp=80,443,2053,2083,2087,2096,8443,1024-65535 --wf-udp=443,19294-19344,50000-50100,1024-65535 --filter-udp=443 --hostlist="C:\Users\KnyshovDmitry\Downloads\12345-main\12345-main\publish\lists\list-general.txt" --hostlist="C:\Users\KnyshovDmitry\Downloads\12345-main\12345-main\publish\lists\list-general-user.txt" --hostlist-exclude="C:\Users\KnyshovDmitry\Downloads\12345-main\12345-main\publish\lists\list-exclude.txt" --hostlist-exclude="C:\Users\KnyshovDmitry\Downloads\12345-main\12345-main\publish\lists\list-exclude-user.txt" --ipset-exclude="C:\Users\KnyshovDmitry\Downloads\12345-main\12345-main\publish\lists\ipset-exclude.txt" --ipset-exclude="C:\Users\KnyshovDmitry\Downloads\12345-main\12345-main\publish\lists\ipset-exclude-user.txt" --dpi-desync=fake --dpi-desync-repeats=11 --dpi-desync-fake-quic="C:\Users\KnyshovDmitry\Downloads\12345-main\12345-main\publish\bin\quic_initial_www_google_com.bin" --new --filter-udp=19294-19344,50000-50100 --filter-l7=discord,stun --dpi-desync=fake --dpi-desync-fake-discord="C:\Users\KnyshovDmitry\Downloads\12345-main\12345-main\publish\bin\quic_initial_dbankcloud_ru.bin" --dpi-desync-fake-stun="C:\Users\KnyshovDmitry\Downloads\12345-main\12345-main\publish\bin\quic_initial_dbankcloud_ru.bin" --dpi-desync-repeats=6 --new --filter-tcp=2053,2083,2087,2096,8443 --hostlist-domains=discord.media --dpi-desync=fake,multisplit --dpi-desync-split-seqovl=681 --dpi-desync-split-pos=1 --dpi-desync-fooling=ts --dpi-desync-repeats=8 --dpi-desync-split-seqovl-pattern="C:\Users\KnyshovDmitry\Downloads\12345-main\12345-main\publish\bin\tls_clienthello_www_google_com.bin" --dpi-desync-fake-tls="C:\Users\KnyshovDmitry\Downloads\12345-main\12345-main\publish\bin\tls_clienthello_www_google_com.bin" --new --filter-tcp=443 --hostlist="C:\Users\KnyshovDmitry\Downloads\12345-main\12345-main\publish\lists\list-google.txt" --ip-id=zero --dpi-desync=fake,multisplit --dpi-desync-split-seqovl=681 --dpi-desync-split-pos=1 --dpi-desync-fooling=ts --dpi-desync-repeats=8 --dpi-desync-split-seqovl-pattern="C:\Users\KnyshovDmitry\Downloads\12345-main\12345-main\publish\bin\tls_clienthello_www_google_com.bin" --dpi-desync-fake-tls="C:\Users\KnyshovDmitry\Downloads\12345-main\12345-main\publish\bin\tls_clienthello_www_google_com.bin" --new --filter-tcp=80,443 --hostlist="C:\Users\KnyshovDmitry\Downloads\12345-main\12345-main\publish\lists\list-general.txt" --hostlist="C:\Users\KnyshovDmitry\Downloads\12345-main\12345-main\publish\lists\list-general-user.txt" --hostlist-exclude="C:\Users\KnyshovDmitry\Downloads\12345-main\12345-main\publish\lists\list-exclude.txt" --hostlist-exclude="C:\Users\KnyshovDmitry\Downloads\12345-main\12345-main\publish\lists\list-exclude-user.txt" --ipset-exclude="C:\Users\KnyshovDmitry\Downloads\12345-main\12345-main\publish\lists\ipset-exclude.txt" --ipset-exclude="C:\Users\KnyshovDmitry\Downloads\12345-main\12345-main\publish\lists\ipset-exclude-user.txt" --dpi-desync=fake,multisplit --dpi-desync-split-seqovl=664 --dpi-desync-split-pos=1 --dpi-desync-fooling=ts --dpi-desync-repeats=8 --dpi-desync-split-seqovl-pattern="C:\Users\KnyshovDmitry\Downloads\12345-main\12345-main\publish\bin\tls_clienthello_max_ru.bin" --dpi-desync-fake-tls="C:\Users\KnyshovDmitry\Downloads\12345-main\12345-main\publish\bin\stun.bin" --dpi-desync-fake-tls="C:\Users\KnyshovDmitry\Downloads\12345-main\12345-main\publish\bin\tls_clienthello_max_ru.bin" --dpi-desync-fake-http="C:\Users\KnyshovDmitry\Downloads\12345-main\12345-main\publish\bin\tls_clienthello_max_ru.bin" --new --filter-udp=443 --ipset="C:\Users\KnyshovDmitry\Downloads\12345-main\12345-main\publish\lists\ipset-all.txt" --hostlist-exclude="C:\Users\KnyshovDmitry\Downloads\12345-main\12345-main\publish\lists\list-exclude.txt" --hostlist-exclude="C:\Users\KnyshovDmitry\Downloads\12345-main\12345-main\publish\lists\list-exclude-user.txt" --ipset-exclude="C:\Users\KnyshovDmitry\Downloads\12345-main\12345-main\publish\lists\ipset-exclude.txt" --ipset-exclude="C:\Users\KnyshovDmitry\Downloads\12345-main\12345-main\publish\lists\ipset-exclude-user.txt" --dpi-desync=fake --dpi-desync-repeats=11 --dpi-desync-fake-quic="C:\Users\KnyshovDmitry\Downloads\12345-main\12345-main\publish\bin\quic_initial_www_google_com.bin" --new --filter-tcp=80,443,8443 --ipset="C:\Users\KnyshovDmitry\Downloads\12345-main\12345-main\publish\lists\ipset-all.txt" --hostlist-exclude="C:\Users\KnyshovDmitry\Downloads\12345-main\12345-main\publish\lists\list-exclude.txt" --hostlist-exclude="C:\Users\KnyshovDmitry\Downloads\12345-main\12345-main\publish\lists\list-exclude-user.txt" --ipset-exclude="C:\Users\KnyshovDmitry\Downloads\12345-main\12345-main\publish\lists\ipset-exclude.txt" --ipset-exclude="C:\Users\KnyshovDmitry\Downloads\12345-main\12345-main\publish\lists\ipset-exclude-user.txt" --dpi-desync=fake,multisplit --dpi-desync-split-seqovl=664 --dpi-desync-split-pos=1 --dpi-desync-fooling=ts --dpi-desync-repeats=8 --dpi-desync-split-seqovl-pattern="C:\Users\KnyshovDmitry\Downloads\12345-main\12345-main\publish\bin\tls_clienthello_max_ru.bin" --dpi-desync-fake-tls="C:\Users\KnyshovDmitry\Downloads\12345-main\12345-main\publish\bin\stun.bin" --dpi-desync-fake-tls="C:\Users\KnyshovDmitry\Downloads\12345-main\12345-main\publish\bin\tls_clienthello_max_ru.bin" --dpi-desync-fake-http="C:\Users\KnyshovDmitry\Downloads\12345-main\12345-main\publish\bin\tls_clienthello_max_ru.bin" --new --filter-tcp=1024-65535 --ipset="C:\Users\KnyshovDmitry\Downloads\12345-main\12345-main\publish\lists\ipset-all.txt" --ipset-exclude="C:\Users\KnyshovDmitry\Downloads\12345-main\12345-main\publish\lists\ipset-exclude.txt" --ipset-exclude="C:\Users\KnyshovDmitry\Downloads\12345-main\12345-main\publish\lists\ipset-exclude-user.txt" --dpi-desync=fake,multisplit --dpi-desync-any-protocol=1 --dpi-desync-cutoff=n4 --dpi-desync-split-seqovl=664 --dpi-desync-split-pos=1 --dpi-desync-fooling=ts --dpi-desync-repeats=8 --dpi-desync-split-seqovl-pattern="C:\Users\KnyshovDmitry\Downloads\12345-main\12345-main\publish\bin\tls_clienthello_max_ru.bin" --dpi-desync-fake-tls="C:\Users\KnyshovDmitry\Downloads\12345-main\12345-main\publish\bin\stun.bin" --dpi-desync-fake-tls="C:\Users\KnyshovDmitry\Downloads\12345-main\12345-main\publish\bin\tls_clienthello_max_ru.bin" --dpi-desync-fake-http="C:\Users\KnyshovDmitry\Downloads\12345-main\12345-main\publish\bin\tls_clienthello_max_ru.bin" --new --filter-udp=1024-65535 --ipset="C:\Users\KnyshovDmitry\Downloads\12345-main\12345-main\publish\lists\ipset-all.txt" --ipset-exclude="C:\Users\KnyshovDmitry\Downloads\12345-main\12345-main\publish\lists\ipset-exclude.txt" --ipset-exclude="C:\Users\KnyshovDmitry\Downloads\12345-main\12345-main\publish\lists\ipset-exclude-user.txt" --dpi-desync=fake --dpi-desync-repeats=10 --dpi-desync-any-protocol=1 --dpi-desync-fake-unknown-udp="C:\Users\KnyshovDmitry\Downloads\12345-main\12345-main\publish\bin\quic_initial_dbankcloud_ru.bin" --dpi-desync-cutoff=n4
[2026-05-20 14:15:30] [ERROR] Ошибка установки службы: Unable to find an entry point named 'ChangeServiceDescription' in DLL 'advapi32.dll'.
[2026-05-20 14:15:30] [ERROR] Service install failed: System.EntryPointNotFoundException: Unable to find an entry point named 'ChangeServiceDescription' in DLL 'advapi32.dll'.
   at ZapretManager.Service.WinServiceManager.ChangeServiceDescription(IntPtr svc, SERVICE_DESCRIPTIONW& desc)
   at ZapretManager.Service.WinServiceManager.Install(String name, String displayName, String description, String binPathWithArgs, Boolean autoStart) in C:\Users\KnyshovDmitry\Downloads\12345-main\12345-main\src\ZapretManager\Service\WinServiceManager.cs:line 93
   at ZapretManager.Program.RunSetupAsync(String[] args) in C:\Users\KnyshovDmitry\Downloads\12345-main\12345-main\src\ZapretManager\Program.cs:line 962
