[2026-05-21 12:59:28] [INFO] === ZAPRET MANAGER started ===
[2026-05-21 12:59:28] [INFO] OS: Microsoft Windows NT 10.0.26200.0 | .NET: 8.0.27
[2026-05-21 12:59:28] [STEP] ZAPRET AUTO-SETUP
[2026-05-21 12:59:28] [INFO] Manager: v2.2.0  |  Zapret Core: 1.9.8c
[2026-05-21 12:59:28] [INFO] Рабочая папка: C:\Users\KnyshovDmitry\Downloads\12345-main\12345-main\publish
[2026-05-21 12:59:28] [INFO] .NET: 8.0.27
[2026-05-21 12:59:32] [OK] Manager актуален: v2.2.0
[2026-05-21 12:59:32] [OK] Zapret core актуален: 1.9.8c
[2026-05-21 12:59:32] [STEP] УДАЛЕНИЕ ZAPRET
[2026-05-21 12:59:33] [OK] Служба удалена: zapret
[2026-05-21 12:59:33] [OK] Служба удалена: zapret
[2026-05-21 12:59:33] [OK] Служба удалена: WinDivert
[2026-05-21 12:59:33] [OK] Служба удалена: WinDivert14
[2026-05-21 12:59:33] [OK] Ваши списки в папке lists/ сохранены.
[2026-05-21 12:59:36] [STEP] ZAPRET AUTO-SETUP
[2026-05-21 12:59:36] [INFO] Manager: v2.2.0  |  Zapret Core: 1.9.8c
[2026-05-21 12:59:36] [INFO] Рабочая папка: C:\Users\KnyshovDmitry\Downloads\12345-main\12345-main\publish
[2026-05-21 12:59:36] [INFO] .NET: 8.0.27
[2026-05-21 12:59:39] [OK] Manager актуален: v2.2.0
[2026-05-21 12:59:39] [OK] Zapret core актуален: 1.9.8c
[2026-05-21 12:59:39] [STEP] Проверка необходимых файлов
[2026-05-21 12:59:39] [OK] winws.exe найден
[2026-05-21 12:59:39] [OK] curl.exe найден
[2026-05-21 12:59:39] [STEP] Защита файлов от антивируса
[2026-05-21 12:59:40] [INFO] Added Defender folder exclusion: C:\Users\KnyshovDmitry\Downloads\12345-main\12345-main\publish
[2026-05-21 12:59:40] [INFO] Added Defender process exclusion: winws.exe
[2026-05-21 12:59:41] [INFO] Added Defender process exclusion: TgWsProxy_windows.exe
[2026-05-21 12:59:41] [WARN] Исключения Defender добавлены, но отсутствуют файлы: TgWsProxy_windows.exe. Распакуйте архив заново после добавления исключений.
[2026-05-21 12:59:41] [STEP] Проверка TgWsProxy
[2026-05-21 12:59:41] [INFO] TgWsProxy_windows.exe не найден (TG прокси недоступен)
[2026-05-21 12:59:41] [STEP] Проверка конфликтующих служб
[2026-05-21 12:59:41] [OK] Конфликтующих служб не найдено
[2026-05-21 12:59:41] [STEP] Настройка Game Filter
[2026-05-21 12:59:41] [INFO] Текущий статус: TCP + UDP
[2026-05-21 13:00:06] [INFO] Game Filter не изменён
[2026-05-21 13:00:06] [STEP] Настройка IPSet фильтра
[2026-05-21 13:00:06] [INFO] Текущий режим: any
[2026-05-21 13:00:11] [OK] IPSet: any (обход всех IP)
[2026-05-21 13:00:11] [STEP] Включение TCP timestamps
[2026-05-21 13:00:11] [OK] TCP timestamps включены
[2026-05-21 13:00:11] [STEP] Загрузка списков IP и доменов с GitHub
[2026-05-21 13:00:11] [OK] ipset-all.txt: 30996 строк
[2026-05-21 13:00:11] [OK] list-exclude.txt: 94 строк
[2026-05-21 13:00:11] [OK] list-google.txt: 19 строк
[2026-05-21 13:00:11] [OK] list-general.txt: 50 строк
[2026-05-21 13:00:11] [OK] ipset-exclude.txt: 11 строк
[2026-05-21 13:00:11] [STEP] Очистка списков (дубликаты, пустые строки, невалидные IP)
[2026-05-21 13:00:14] [OK] Списки очищены
[2026-05-21 13:00:14] [STEP] Обновление файла hosts
[2026-05-21 13:00:14] [OK] Файл hosts актуален
[2026-05-21 13:00:14] [OK] Файл hosts актуален
[2026-05-21 13:00:14] [STEP] Проверка доступности сайтов БЕЗ обхода
[2026-05-21 13:00:22] [WARN] discord.com: недоступен (нужен обход)
[2026-05-21 13:00:22] [WARN] youtube.com: недоступен (нужен обход)
[2026-05-21 13:00:22] [WARN] gateway.discord: недоступен (нужен обход)
[2026-05-21 13:00:22] [WARN] googlevideo.com: недоступен (нужен обход)
[2026-05-21 13:00:22] [INFO] Найдено конфигов: 19
[2026-05-21 13:00:26] [INFO] ParseArgs [general (ALT).bat]: length=6225
[2026-05-21 13:00:26] [STEP] Установка службы Windows: general (ALT).bat
[2026-05-21 13:00:26] [INFO] Аргументы winws: --wf-tcp=80,443,2053,2083,2087,2096,8443,1024-65535 --wf-udp=443,19294-19344,50000-50100,1024-65535 --filter-udp=443 --hostlist="C:\Users\KnyshovDmitry\Downloads\12345-main\12345-main\publish\lists\list-general.txt" --hostlist="C:\Users\KnyshovDmitry\Downloads\12345-main\12345-main\publish\lists\list-general-user.txt" --hostlist-exclude="C:\Users\KnyshovDmitry\Downloads\12345-main\12345-main\publish\lists\list-exclude.txt" --hostlist-exclude="C:\Users\KnyshovDmitry\Downloads\12345-main\12345-main\publish\lists\list-exclude-user.txt" --ipset-exclude="C:\Users\KnyshovDmitry\Downloads\12345-main\12345-main\publish\lists\ipset-exclude.txt" --ipset-exclude="C:\Users\KnyshovDmitry\Downloads\12345-main\12345-main\publish\lists\ipset-exclude-user.txt" --dpi-desync=fake --dpi-desync-repeats=6 --dpi-desync-fake-quic="C:\Users\KnyshovDmitry\Downloads\12345-main\12345-main\publish\bin\quic_initial_www_google_com.bin" --new --filter-udp=19294-19344,50000-50100 --filter-l7=discord,stun --dpi-desync=fake --dpi-desync-fake-discord="C:\Users\KnyshovDmitry\Downloads\12345-main\12345-main\publish\bin\quic_initial_dbankcloud_ru.bin" --dpi-desync-fake-stun="C:\Users\KnyshovDmitry\Downloads\12345-main\12345-main\publish\bin\quic_initial_dbankcloud_ru.bin" --dpi-desync-repeats=6 --new --filter-tcp=2053,2083,2087,2096,8443 --hostlist-domains=discord.media --dpi-desync=fake,fakedsplit --dpi-desync-repeats=6 --dpi-desync-fooling=ts --dpi-desync-fakedsplit-pattern=0x00 --dpi-desync-fake-tls="C:\Users\KnyshovDmitry\Downloads\12345-main\12345-main\publish\bin\tls_clienthello_www_google_com.bin" --new --filter-tcp=443 --hostlist="C:\Users\KnyshovDmitry\Downloads\12345-main\12345-main\publish\lists\list-google.txt" --ip-id=zero --dpi-desync=fake,fakedsplit --dpi-desync-repeats=6 --dpi-desync-fooling=ts --dpi-desync-fakedsplit-pattern=0x00 --dpi-desync-fake-tls="C:\Users\KnyshovDmitry\Downloads\12345-main\12345-main\publish\bin\tls_clienthello_www_google_com.bin" --new --filter-tcp=80,443 --hostlist="C:\Users\KnyshovDmitry\Downloads\12345-main\12345-main\publish\lists\list-general.txt" --hostlist="C:\Users\KnyshovDmitry\Downloads\12345-main\12345-main\publish\lists\list-general-user.txt" --hostlist-exclude="C:\Users\KnyshovDmitry\Downloads\12345-main\12345-main\publish\lists\list-exclude.txt" --hostlist-exclude="C:\Users\KnyshovDmitry\Downloads\12345-main\12345-main\publish\lists\list-exclude-user.txt" --ipset-exclude="C:\Users\KnyshovDmitry\Downloads\12345-main\12345-main\publish\lists\ipset-exclude.txt" --ipset-exclude="C:\Users\KnyshovDmitry\Downloads\12345-main\12345-main\publish\lists\ipset-exclude-user.txt" --dpi-desync=fake,fakedsplit --dpi-desync-repeats=6 --dpi-desync-fooling=ts --dpi-desync-fakedsplit-pattern=0x00 --dpi-desync-fake-tls="C:\Users\KnyshovDmitry\Downloads\12345-main\12345-main\publish\bin\stun.bin" --dpi-desync-fake-tls="C:\Users\KnyshovDmitry\Downloads\12345-main\12345-main\publish\bin\tls_clienthello_www_google_com.bin" --dpi-desync-fake-http="C:\Users\KnyshovDmitry\Downloads\12345-main\12345-main\publish\bin\tls_clienthello_max_ru.bin" --new --filter-udp=443 --ipset="C:\Users\KnyshovDmitry\Downloads\12345-main\12345-main\publish\lists\ipset-all.txt" --hostlist-exclude="C:\Users\KnyshovDmitry\Downloads\12345-main\12345-main\publish\lists\list-exclude.txt" --hostlist-exclude="C:\Users\KnyshovDmitry\Downloads\12345-main\12345-main\publish\lists\list-exclude-user.txt" --ipset-exclude="C:\Users\KnyshovDmitry\Downloads\12345-main\12345-main\publish\lists\ipset-exclude.txt" --ipset-exclude="C:\Users\KnyshovDmitry\Downloads\12345-main\12345-main\publish\lists\ipset-exclude-user.txt" --dpi-desync=fake --dpi-desync-repeats=6 --dpi-desync-fake-quic="C:\Users\KnyshovDmitry\Downloads\12345-main\12345-main\publish\bin\quic_initial_www_google_com.bin" --new --filter-tcp=80,443,8443 --ipset="C:\Users\KnyshovDmitry\Downloads\12345-main\12345-main\publish\lists\ipset-all.txt" --hostlist-exclude="C:\Users\KnyshovDmitry\Downloads\12345-main\12345-main\publish\lists\list-exclude.txt" --hostlist-exclude="C:\Users\KnyshovDmitry\Downloads\12345-main\12345-main\publish\lists\list-exclude-user.txt" --ipset-exclude="C:\Users\KnyshovDmitry\Downloads\12345-main\12345-main\publish\lists\ipset-exclude.txt" --ipset-exclude="C:\Users\KnyshovDmitry\Downloads\12345-main\12345-main\publish\lists\ipset-exclude-user.txt" --dpi-desync=fake,fakedsplit --dpi-desync-repeats=6 --dpi-desync-fooling=ts --dpi-desync-fakedsplit-pattern=0x00 --dpi-desync-fake-tls="C:\Users\KnyshovDmitry\Downloads\12345-main\12345-main\publish\bin\stun.bin" --dpi-desync-fake-tls="C:\Users\KnyshovDmitry\Downloads\12345-main\12345-main\publish\bin\tls_clienthello_www_google_com.bin" --dpi-desync-fake-http="C:\Users\KnyshovDmitry\Downloads\12345-main\12345-main\publish\bin\tls_clienthello_max_ru.bin" --new --filter-tcp=1024-65535 --ipset="C:\Users\KnyshovDmitry\Downloads\12345-main\12345-main\publish\lists\ipset-all.txt" --ipset-exclude="C:\Users\KnyshovDmitry\Downloads\12345-main\12345-main\publish\lists\ipset-exclude.txt" --ipset-exclude="C:\Users\KnyshovDmitry\Downloads\12345-main\12345-main\publish\lists\ipset-exclude-user.txt" --dpi-desync=fake,fakedsplit --dpi-desync-repeats=6 --dpi-desync-any-protocol=1 --dpi-desync-cutoff=n4 --dpi-desync-fooling=ts --dpi-desync-fakedsplit-pattern=0x00 --dpi-desync-fake-tls="C:\Users\KnyshovDmitry\Downloads\12345-main\12345-main\publish\bin\stun.bin" --dpi-desync-fake-tls="C:\Users\KnyshovDmitry\Downloads\12345-main\12345-main\publish\bin\tls_clienthello_www_google_com.bin" --dpi-desync-fake-http="C:\Users\KnyshovDmitry\Downloads\12345-main\12345-main\publish\bin\tls_clienthello_max_ru.bin" --new --filter-udp=1024-65535 --ipset="C:\Users\KnyshovDmitry\Downloads\12345-main\12345-main\publish\lists\ipset-all.txt" --ipset-exclude="C:\Users\KnyshovDmitry\Downloads\12345-main\12345-main\publish\lists\ipset-exclude.txt" --ipset-exclude="C:\Users\KnyshovDmitry\Downloads\12345-main\12345-main\publish\lists\ipset-exclude-user.txt" --dpi-desync=fake --dpi-desync-repeats=12 --dpi-desync-any-protocol=1 --dpi-desync-fake-unknown-udp="C:\Users\KnyshovDmitry\Downloads\12345-main\12345-main\publish\bin\quic_initial_dbankcloud_ru.bin" --dpi-desync-cutoff=n3
[2026-05-21 13:00:28] [OK] Служба установлена и запущена: zapret
[2026-05-21 13:00:28] [OK] Служба 'zapret' установлена и запущена: general (ALT).bat
[2026-05-21 13:00:28] [STEP] Проверка доступности С обходом (ждём 5 сек...)
[2026-05-21 13:00:39] [OK] discord.com: HTTP 200
[2026-05-21 13:00:39] [OK] youtube.com: HTTP 200
[2026-05-21 13:00:39] [WARN] gateway.discord: всё ещё недоступен
[2026-05-21 13:00:39] [WARN] googlevideo.com: всё ещё недоступен
[2026-05-21 13:00:39] [WARN] Частично: 2/4. Попробуйте другую стратегию.
[2026-05-21 13:00:46] [INFO] === Установка завершена ===
[2026-05-21 13:00:46] [STEP] ZAPRET AUTO-SETUP
[2026-05-21 13:00:46] [INFO] Manager: v2.2.0  |  Zapret Core: 1.9.8c
[2026-05-21 13:00:46] [INFO] Рабочая папка: C:\Users\KnyshovDmitry\Downloads\12345-main\12345-main\publish
[2026-05-21 13:00:46] [INFO] .NET: 8.0.27
[2026-05-21 13:00:49] [OK] Manager актуален: v2.2.0
[2026-05-21 13:00:49] [OK] Zapret core актуален: 1.9.8c
[2026-05-21 13:00:49] [STEP] ДИАГНОСТИКА
[2026-05-21 13:00:49] [STEP] Запуск полной диагностики...
[2026-05-21 13:00:49] [OK] Base Filtering Engine check passed
[2026-05-21 13:00:49] [OK] Proxy check passed
[2026-05-21 13:00:49] [OK] TCP timestamps successfully enabled
[2026-05-21 13:00:49] [OK] Adguard check passed
[2026-05-21 13:00:49] [OK] Killer check passed
[2026-05-21 13:00:49] [OK] Intel Connectivity check passed
[2026-05-21 13:00:49] [OK] Check Point check passed
[2026-05-21 13:00:49] [OK] SmartByte check passed
[2026-05-21 13:00:49] [OK] WinDivert64.sys found
[2026-05-21 13:00:49] [WARN] [?] VPN services found: Adguard VPN Service, MBVpnTunnelService, OpenVPNAccessClient. Some VPNs can conflict with zapret. Make sure all VPNs are disabled
[2026-05-21 13:00:49] [WARN] [?] Make sure you have configured secure DNS in a browser with some non-default DNS service provider. If you use Windows 11, you can configure encrypted DNS in Settings to hide this warning
[2026-05-21 13:00:49] [OK] Hosts file check passed
[2026-05-21 13:00:49] [OK] WinDivert conflict check passed
[2026-05-21 13:00:49] [OK] Конфликтующих служб не найдено
[2026-05-21 13:00:49] [STEP] Проверка доступности ресурсов...
[2026-05-21 13:00:55] [OK] discord.com: HTTP 200
[2026-05-21 13:00:55] [OK] youtube.com: HTTP 200
[2026-05-21 13:00:55] [WARN] gateway.discord: недоступен
[2026-05-21 13:00:55] [WARN] googlevideo.com: недоступен
[2026-05-21 13:00:55] [ERROR] Отсутствуют файлы (возможно удалены антивирусом): TgWsProxy_windows.exe
[2026-05-21 13:01:05] [STEP] ЭКСПОРТ ОТЧЁТА
[2026-05-21 13:01:05] [OK] Отчёт сохранён: C:\Users\KnyshovDmitry\Downloads\12345-main\12345-main\publish\logs\diagnostics_20260521_130105.txt
[2026-05-21 13:01:05] [OK] Отчёт: C:\Users\KnyshovDmitry\Downloads\12345-main\12345-main\publish\logs\diagnostics_20260521_130105.txt
[2026-05-21 13:01:08] [STEP] ZAPRET AUTO-SETUP
[2026-05-21 13:01:08] [INFO] Manager: v2.2.0  |  Zapret Core: 1.9.8c
[2026-05-21 13:01:08] [INFO] Рабочая папка: C:\Users\KnyshovDmitry\Downloads\12345-main\12345-main\publish
[2026-05-21 13:01:08] [INFO] .NET: 8.0.27
[2026-05-21 13:01:11] [OK] Manager актуален: v2.2.0
[2026-05-21 13:01:11] [OK] Zapret core актуален: 1.9.8c
[2026-05-21 13:01:11] [STEP] ДИАГНОСТИКА
[2026-05-21 13:01:11] [STEP] Запуск полной диагностики...
[2026-05-21 13:01:11] [OK] Base Filtering Engine check passed
[2026-05-21 13:01:11] [OK] Proxy check passed
[2026-05-21 13:01:11] [OK] TCP timestamps successfully enabled
[2026-05-21 13:01:11] [OK] Adguard check passed
[2026-05-21 13:01:11] [OK] Killer check passed
[2026-05-21 13:01:11] [OK] Intel Connectivity check passed
[2026-05-21 13:01:11] [OK] Check Point check passed
[2026-05-21 13:01:11] [OK] SmartByte check passed
[2026-05-21 13:01:11] [OK] WinDivert64.sys found
[2026-05-21 13:01:11] [WARN] [?] VPN services found: Adguard VPN Service, MBVpnTunnelService, OpenVPNAccessClient. Some VPNs can conflict with zapret. Make sure all VPNs are disabled
[2026-05-21 13:01:11] [WARN] [?] Make sure you have configured secure DNS in a browser with some non-default DNS service provider. If you use Windows 11, you can configure encrypted DNS in Settings to hide this warning
[2026-05-21 13:01:11] [OK] Hosts file check passed
[2026-05-21 13:01:11] [OK] WinDivert conflict check passed
[2026-05-21 13:01:11] [OK] Конфликтующих служб не найдено
[2026-05-21 13:01:11] [STEP] Проверка доступности ресурсов...
[2026-05-21 13:01:17] [OK] discord.com: HTTP 200
[2026-05-21 13:01:17] [OK] youtube.com: HTTP 200
[2026-05-21 13:01:17] [WARN] gateway.discord: недоступен
[2026-05-21 13:01:17] [WARN] googlevideo.com: недоступен
[2026-05-21 13:01:17] [ERROR] Отсутствуют файлы (возможно удалены антивирусом): TgWsProxy_windows.exe
