[2026-05-21 15:36:40] [INFO] === ZAPRET MANAGER started ===
[2026-05-21 15:36:40] [INFO] OS: Microsoft Windows NT 10.0.26200.0 | .NET: 8.0.27
[2026-05-21 15:36:40] [INFO] Фоновая проверка обновлений запущена (интервал: каждый час)
[2026-05-21 15:36:40] [STEP] ZAPRET AUTO-SETUP
[2026-05-21 15:36:40] [INFO] Manager: v2.4.0  |  Zapret Core: 1.9.8c
[2026-05-21 15:36:40] [INFO] Рабочая папка: C:\Users\KnyshovDmitry\Downloads\12345-main\12345-main\publish
[2026-05-21 15:36:40] [INFO] .NET: 8.0.27
[2026-05-21 15:36:48] [OK] Manager актуален: v2.4.0
[2026-05-21 15:36:48] [OK] Zapret core актуален: 1.9.8c
[2026-05-21 15:36:57] [STEP] ZAPRET AUTO-SETUP
[2026-05-21 15:36:57] [INFO] Manager: v2.4.0  |  Zapret Core: 1.9.8c
[2026-05-21 15:36:57] [INFO] Рабочая папка: C:\Users\KnyshovDmitry\Downloads\12345-main\12345-main\publish
[2026-05-21 15:36:57] [INFO] .NET: 8.0.27
[2026-05-21 15:37:05] [OK] Manager актуален: v2.4.0
[2026-05-21 15:37:05] [OK] Zapret core актуален: 1.9.8c
[2026-05-21 15:37:05] [STEP] ТЕСТ СТРАТЕГИЙ И УСТАНОВКА
[2026-05-21 15:37:08] [INFO] Найдено конфигов: 19
[2026-05-21 15:37:12] [OK] Выбрано конфигов: 1
[2026-05-21 15:37:12] [INFO] IPSet переключён в режим 'any' для тестов
[2026-05-21 15:37:12] [STEP] Загрузка DPI suite...
[2026-05-21 15:37:12] [OK] Загружено 36 целей
[2026-05-21 15:37:12] [WARN] DPI тесты займут несколько минут...
[2026-05-21 15:37:18] [INFO] DPI тест: 36 targets, range=0-65535, timeout=5s
