[2026-05-21 15:44:57] [INFO] === ZAPRET MANAGER started ===
[2026-05-21 15:44:57] [INFO] OS: Microsoft Windows NT 10.0.26200.0 | .NET: 8.0.27
[2026-05-21 15:44:57] [INFO] Фоновая проверка обновлений запущена (интервал: каждый час)
[2026-05-21 15:44:58] [STEP] ZAPRET AUTO-SETUP
[2026-05-21 15:44:58] [INFO] Manager: v2.4.0  |  Zapret Core: 1.9.8c
[2026-05-21 15:44:58] [INFO] Рабочая папка: C:\Users\KnyshovDmitry\Downloads\12345-main\12345-main\publish
[2026-05-21 15:44:58] [INFO] .NET: 8.0.27
[2026-05-21 15:45:10] [OK] Manager актуален: v2.4.0
[2026-05-21 15:45:10] [OK] Zapret core актуален: 1.9.8c
[2026-05-21 15:45:10] [STEP] ТЕСТ СТРАТЕГИЙ И УСТАНОВКА
[2026-05-21 15:45:12] [INFO] Найдено конфигов: 19
[2026-05-21 15:45:14] [OK] Выбрано конфигов: 1
[2026-05-21 15:45:14] [INFO] IPSet переключён в режим 'any' для тестов
[2026-05-21 15:45:14] [STEP] Загрузка DPI suite...
[2026-05-21 15:45:14] [OK] Загружено 36 целей
[2026-05-21 15:45:14] [WARN] DPI тесты займут несколько минут...
[2026-05-21 15:45:20] [INFO] DPI тест: 36 targets, range=0-65535, timeout=5s
[2026-05-21 15:45:43] [WARN] Обнаружен паттерн блокировки DPI TCP 16-20KB.
[2026-05-21 15:45:44] [INFO] IPSet восстановлен из test-backup
[2026-05-21 15:45:44] [INFO] Перезапуск службы zapret...
[2026-05-21 15:45:46] [OK] Служба zapret перезапущена
[2026-05-21 15:45:46] [OK] Результаты сохранены: C:\Users\KnyshovDmitry\Downloads\12345-main\12345-main\publish\utils\test results\dpi_results_2026-05-21_15-45-46.txt
[2026-05-21 15:45:46] [OK] Лучшая стратегия: general (ALT11).bat
[2026-05-21 15:45:51] [STEP] Установка службы: general (ALT11).bat
[2026-05-21 15:45:51] [INFO] ParseArgs [general (ALT11).bat]: length=6959
[2026-05-21 15:45:54] [INFO] Recovery policy установлена: restart 5s/30s/60s
[2026-05-21 15:45:54] [OK] Служба установлена и запущена: zapret
[2026-05-21 15:45:54] [OK] Служба zapret установлена!
[2026-05-21 15:46:05] [OK] discord.com: HTTP 200
[2026-05-21 15:46:05] [OK] youtube.com: HTTP 200
[2026-05-21 15:46:05] [WARN] gateway.discord: недоступен
[2026-05-21 15:46:05] [WARN] googlevideo.com: недоступен
[2026-05-21 15:46:07] [STEP] ZAPRET AUTO-SETUP
[2026-05-21 15:46:07] [INFO] Manager: v2.4.0  |  Zapret Core: 1.9.8c
[2026-05-21 15:46:07] [INFO] Рабочая папка: C:\Users\KnyshovDmitry\Downloads\12345-main\12345-main\publish
[2026-05-21 15:46:07] [INFO] .NET: 8.0.27
[2026-05-21 15:46:10] [OK] Manager актуален: v2.4.0
[2026-05-21 15:46:10] [OK] Zapret core актуален: 1.9.8c
[2026-05-21 15:46:17] [STEP] УСТАНОВКА СЛУЖБЫ
[2026-05-21 15:46:18] [INFO] ParseArgs [general (ALT11).bat]: length=6959
[2026-05-21 15:46:18] [STEP] Устанавливаю службу: general (ALT11).bat
[2026-05-21 15:46:22] [INFO] Recovery policy установлена: restart 5s/30s/60s
[2026-05-21 15:46:22] [OK] Служба установлена и запущена: zapret
[2026-05-21 15:46:22] [OK] Служба zapret установлена и запущена: general (ALT11).bat
[2026-05-21 15:46:30] [STEP] ПРОФИЛИ
[2026-05-21 15:46:40] [OK] Профиль сохранён: best → best.json
[2026-05-21 15:46:40] [OK] Профиль 'best' сохранён
[2026-05-21 15:46:44] [STEP] ПРОФИЛИ
[2026-05-21 15:46:54] [STEP] ZAPRET AUTO-SETUP
[2026-05-21 15:46:54] [INFO] Manager: v2.4.0  |  Zapret Core: 1.9.8c
[2026-05-21 15:46:54] [INFO] Рабочая папка: C:\Users\KnyshovDmitry\Downloads\12345-main\12345-main\publish
[2026-05-21 15:46:54] [INFO] .NET: 8.0.27
[2026-05-21 15:46:56] [OK] Manager актуален: v2.4.0
[2026-05-21 15:46:56] [OK] Zapret core актуален: 1.9.8c
