[2026-05-20 15:43:15] [INFO] === ZAPRET MANAGER started ===
[2026-05-20 15:43:15] [INFO] OS: Microsoft Windows NT 10.0.26200.0 | .NET: 8.0.27
[2026-05-20 15:43:15] [STEP] ZAPRET AUTO-SETUP
[2026-05-20 15:43:15] [INFO] Manager: v2.2.0  |  Zapret Core: 1.9.8c
[2026-05-20 15:43:15] [INFO] Рабочая папка: C:\Users\KnyshovDmitry\Downloads\12345-main\12345-main\publish
[2026-05-20 15:43:15] [INFO] .NET: 8.0.27
[2026-05-20 15:43:19] [OK] Manager актуален: v2.2.0
[2026-05-20 15:43:19] [OK] Zapret core актуален: 1.9.8c
[2026-05-20 15:43:19] [STEP] ТЕСТ СТРАТЕГИЙ И УСТАНОВКА
[2026-05-20 15:43:21] [INFO] Найдено конфигов: 19
[2026-05-20 15:43:22] [INFO] IPSet переключён в режим 'any' для тестов
[2026-05-20 15:43:23] [INFO] Сохранён snapshot 1 запущенных winws.exe
[2026-05-20 15:43:23] [STEP] Загрузка DPI suite...
[2026-05-20 15:43:23] [OK] Загружено 36 целей
[2026-05-20 15:43:23] [WARN] DPI тесты займут несколько минут...
[2026-05-20 15:43:29] [INFO] DPI тест: 36 targets, range=0-65535, timeout=5s
[2026-05-20 15:43:49] [WARN] Обнаружен паттерн блокировки DPI TCP 16-20KB.
[2026-05-20 15:43:56] [INFO] DPI тест: 36 targets, range=0-65535, timeout=5s
[2026-05-20 15:45:12] [WARN] Обнаружен паттерн блокировки DPI TCP 16-20KB.
[2026-05-20 15:45:19] [INFO] DPI тест: 36 targets, range=0-65535, timeout=5s
[2026-05-20 15:46:06] [WARN] Обнаружен паттерн блокировки DPI TCP 16-20KB.
[2026-05-20 15:46:13] [INFO] DPI тест: 36 targets, range=0-65535, timeout=5s
[2026-05-20 15:46:34] [WARN] Обнаружен паттерн блокировки DPI TCP 16-20KB.
[2026-05-20 15:46:41] [INFO] DPI тест: 36 targets, range=0-65535, timeout=5s
[2026-05-20 15:47:42] [WARN] Обнаружен паттерн блокировки DPI TCP 16-20KB.
[2026-05-20 15:47:49] [INFO] DPI тест: 36 targets, range=0-65535, timeout=5s
[2026-05-20 15:49:05] [OK] Паттерн 16-20KB freeze не обнаружен.
[2026-05-20 15:49:12] [INFO] DPI тест: 36 targets, range=0-65535, timeout=5s
[2026-05-20 15:50:13] [WARN] Обнаружен паттерн блокировки DPI TCP 16-20KB.
[2026-05-20 15:50:20] [INFO] DPI тест: 36 targets, range=0-65535, timeout=5s
[2026-05-20 15:51:36] [OK] Паттерн 16-20KB freeze не обнаружен.
[2026-05-20 15:51:43] [INFO] DPI тест: 36 targets, range=0-65535, timeout=5s
[2026-05-20 15:52:05] [WARN] Обнаружен паттерн блокировки DPI TCP 16-20KB.
[2026-05-20 15:52:12] [INFO] DPI тест: 36 targets, range=0-65535, timeout=5s
[2026-05-20 15:52:31] [WARN] Обнаружен паттерн блокировки DPI TCP 16-20KB.
[2026-05-20 15:52:38] [INFO] DPI тест: 36 targets, range=0-65535, timeout=5s
[2026-05-20 15:53:05] [WARN] Обнаружен паттерн блокировки DPI TCP 16-20KB.
[2026-05-20 15:53:12] [INFO] DPI тест: 36 targets, range=0-65535, timeout=5s
[2026-05-20 15:54:28] [OK] Паттерн 16-20KB freeze не обнаружен.
[2026-05-20 15:54:35] [INFO] DPI тест: 36 targets, range=0-65535, timeout=5s
[2026-05-20 15:55:51] [OK] Паттерн 16-20KB freeze не обнаружен.
[2026-05-20 15:55:58] [INFO] DPI тест: 36 targets, range=0-65535, timeout=5s
[2026-05-20 15:56:46] [WARN] Обнаружен паттерн блокировки DPI TCP 16-20KB.
[2026-05-20 15:56:53] [INFO] DPI тест: 36 targets, range=0-65535, timeout=5s
[2026-05-20 15:57:56] [WARN] Обнаружен паттерн блокировки DPI TCP 16-20KB.
[2026-05-20 15:58:03] [INFO] DPI тест: 36 targets, range=0-65535, timeout=5s
[2026-05-20 15:58:23] [WARN] Обнаружен паттерн блокировки DPI TCP 16-20KB.
[2026-05-20 15:58:30] [INFO] DPI тест: 36 targets, range=0-65535, timeout=5s
[2026-05-20 15:59:30] [WARN] Обнаружен паттерн блокировки DPI TCP 16-20KB.
[2026-05-20 15:59:37] [INFO] DPI тест: 36 targets, range=0-65535, timeout=5s
[2026-05-20 16:00:16] [WARN] Обнаружен паттерн блокировки DPI TCP 16-20KB.
[2026-05-20 16:00:23] [INFO] DPI тест: 36 targets, range=0-65535, timeout=5s
[2026-05-20 16:01:39] [OK] Паттерн 16-20KB freeze не обнаружен.
[2026-05-20 16:01:40] [INFO] IPSet восстановлен из test-backup
[2026-05-20 16:01:40] [INFO] Восстановление ранее запущенных winws.exe...
[2026-05-20 16:01:40] [OK] Результаты сохранены: C:\Users\KnyshovDmitry\Downloads\12345-main\12345-main\publish\utils\test results\dpi_results_2026-05-20_16-01-40.txt
[2026-05-20 16:01:40] [OK] Лучшая стратегия: general (ALT).bat
[2026-05-20 16:02:15] [STEP] Установка службы: general (ALT).bat
[2026-05-20 16:02:15] [INFO] ParseArgs [general (ALT).bat]: length=6225
[2026-05-20 16:02:16] [OK] Служба установлена: zapret
[2026-05-20 16:02:16] [OK] Служба zapret установлена!
[2026-05-20 16:02:27] [OK] discord.com: HTTP 200
[2026-05-20 16:02:27] [OK] youtube.com: HTTP 200
[2026-05-20 16:02:27] [WARN] gateway.discord: недоступен
[2026-05-20 16:02:27] [WARN] googlevideo.com: недоступен
