[2026-05-21 12:50:06] [INFO] === ZAPRET MANAGER started ===
[2026-05-21 12:50:06] [INFO] OS: Microsoft Windows NT 10.0.26200.0 | .NET: 8.0.27
[2026-05-21 12:50:06] [STEP] ZAPRET AUTO-SETUP
[2026-05-21 12:50:06] [INFO] Manager: v2.2.0  |  Zapret Core: 1.9.8c
[2026-05-21 12:50:06] [INFO] Рабочая папка: C:\Users\KnyshovDmitry\Downloads\12345-main\12345-main\publish
[2026-05-21 12:50:06] [INFO] .NET: 8.0.27
[2026-05-21 12:50:08] [OK] Manager актуален: v2.2.0
[2026-05-21 12:50:08] [OK] Zapret core актуален: 1.9.8c
[2026-05-21 12:50:08] [STEP] Проверка необходимых файлов
[2026-05-21 12:50:08] [OK] winws.exe найден
[2026-05-21 12:50:08] [OK] curl.exe найден
[2026-05-21 12:50:08] [STEP] Защита файлов от антивируса
[2026-05-21 12:50:10] [INFO] Added Defender folder exclusion: C:\Users\KnyshovDmitry\Downloads\12345-main\12345-main\publish
[2026-05-21 12:50:10] [INFO] Added Defender process exclusion: winws.exe
[2026-05-21 12:50:11] [INFO] Added Defender process exclusion: TgWsProxy_windows.exe
[2026-05-21 12:50:11] [WARN] Исключения Defender добавлены, но отсутствуют файлы: TgWsProxy_windows.exe. Распакуйте архив заново после добавления исключений.
[2026-05-21 12:50:11] [STEP] Проверка TgWsProxy
[2026-05-21 12:50:11] [INFO] TgWsProxy_windows.exe не найден (TG прокси недоступен)
[2026-05-21 12:50:11] [STEP] Проверка конфликтующих служб
[2026-05-21 12:50:11] [OK] Конфликтующих служб не найдено
[2026-05-21 12:50:11] [STEP] Настройка Game Filter
[2026-05-21 12:50:11] [INFO] Текущий статус: TCP + UDP
[2026-05-21 12:50:12] [INFO] Game Filter не изменён
[2026-05-21 12:50:12] [STEP] Включение TCP timestamps
[2026-05-21 12:50:12] [OK] TCP timestamps включены
[2026-05-21 12:50:12] [STEP] Загрузка списков IP и доменов с GitHub
[2026-05-21 12:50:12] [OK] ipset-all.txt: 30996 строк
[2026-05-21 12:50:12] [OK] list-exclude.txt: 94 строк
[2026-05-21 12:50:12] [OK] ipset-exclude.txt: 11 строк
[2026-05-21 12:50:12] [OK] list-google.txt: 19 строк
[2026-05-21 12:50:13] [OK] list-general.txt: 50 строк
[2026-05-21 12:50:13] [STEP] Очистка списков (дубликаты, пустые строки, невалидные IP)
[2026-05-21 12:50:15] [OK] Списки очищены
[2026-05-21 12:50:15] [STEP] Обновление файла hosts
[2026-05-21 12:50:15] [OK] Файл hosts актуален
[2026-05-21 12:50:15] [OK] Файл hosts актуален
[2026-05-21 12:50:15] [STEP] Проверка доступности сайтов БЕЗ обхода
[2026-05-21 12:50:23] [WARN] discord.com: недоступен (нужен обход)
[2026-05-21 12:50:23] [WARN] youtube.com: недоступен (нужен обход)
[2026-05-21 12:50:23] [WARN] gateway.discord: недоступен (нужен обход)
[2026-05-21 12:50:23] [WARN] googlevideo.com: недоступен (нужен обход)
[2026-05-21 12:50:23] [INFO] Найдено конфигов: 19
[2026-05-21 12:50:25] [INFO] ParseArgs [general (ALT).bat]: length=6225
[2026-05-21 12:50:25] [STEP] Установка службы Windows: general (ALT).bat
[2026-05-21 12:50:25] [INFO] Аргументы winws: --wf-tcp=80,443,2053,2083,2087,2096,8443,1024-65535 --wf-udp=443,19294-19344,50000-50100,1024-65535 --filter-udp=443 --hostlist="C:\Users\KnyshovDmitry\Downloads\12345-main\12345-main\publish\lists\list-general.txt" --hostlist="C:\Users\KnyshovDmitry\Downloads\12345-main\12345-main\publish\lists\list-general-user.txt" --hostlist-exclude="C:\Users\KnyshovDmitry\Downloads\12345-main\12345-main\publish\lists\list-exclude.txt" --hostlist-exclude="C:\Users\KnyshovDmitry\Downloads\12345-main\12345-main\publish\lists\list-exclude-user.txt" --ipset-exclude="C:\Users\KnyshovDmitry\Downloads\12345-main\12345-main\publish\lists\ipset-exclude.txt" --ipset-exclude="C:\Users\KnyshovDmitry\Downloads\12345-main\12345-main\publish\lists\ipset-exclude-user.txt" --dpi-desync=fake --dpi-desync-repeats=6 --dpi-desync-fake-quic="C:\Users\KnyshovDmitry\Downloads\12345-main\12345-main\publish\bin\quic_initial_www_google_com.bin" --new --filter-udp=19294-19344,50000-50100 --filter-l7=discord,stun --dpi-desync=fake --dpi-desync-fake-discord="C:\Users\KnyshovDmitry\Downloads\12345-main\12345-main\publish\bin\quic_initial_dbankcloud_ru.bin" --dpi-desync-fake-stun="C:\Users\KnyshovDmitry\Downloads\12345-main\12345-main\publish\bin\quic_initial_dbankcloud_ru.bin" --dpi-desync-repeats=6 --new --filter-tcp=2053,2083,2087,2096,8443 --hostlist-domains=discord.media --dpi-desync=fake,fakedsplit --dpi-desync-repeats=6 --dpi-desync-fooling=ts --dpi-desync-fakedsplit-pattern=0x00 --dpi-desync-fake-tls="C:\Users\KnyshovDmitry\Downloads\12345-main\12345-main\publish\bin\tls_clienthello_www_google_com.bin" --new --filter-tcp=443 --hostlist="C:\Users\KnyshovDmitry\Downloads\12345-main\12345-main\publish\lists\list-google.txt" --ip-id=zero --dpi-desync=fake,fakedsplit --dpi-desync-repeats=6 --dpi-desync-fooling=ts --dpi-desync-fakedsplit-pattern=0x00 --dpi-desync-fake-tls="C:\Users\KnyshovDmitry\Downloads\12345-main\12345-main\publish\bin\tls_clienthello_www_google_com.bin" --new --filter-tcp=80,443 --hostlist="C:\Users\KnyshovDmitry\Downloads\12345-main\12345-main\publish\lists\list-general.txt" --hostlist="C:\Users\KnyshovDmitry\Downloads\12345-main\12345-main\publish\lists\list-general-user.txt" --hostlist-exclude="C:\Users\KnyshovDmitry\Downloads\12345-main\12345-main\publish\lists\list-exclude.txt" --hostlist-exclude="C:\Users\KnyshovDmitry\Downloads\12345-main\12345-main\publish\lists\list-exclude-user.txt" --ipset-exclude="C:\Users\KnyshovDmitry\Downloads\12345-main\12345-main\publish\lists\ipset-exclude.txt" --ipset-exclude="C:\Users\KnyshovDmitry\Downloads\12345-main\12345-main\publish\lists\ipset-exclude-user.txt" --dpi-desync=fake,fakedsplit --dpi-desync-repeats=6 --dpi-desync-fooling=ts --dpi-desync-fakedsplit-pattern=0x00 --dpi-desync-fake-tls="C:\Users\KnyshovDmitry\Downloads\12345-main\12345-main\publish\bin\stun.bin" --dpi-desync-fake-tls="C:\Users\KnyshovDmitry\Downloads\12345-main\12345-main\publish\bin\tls_clienthello_www_google_com.bin" --dpi-desync-fake-http="C:\Users\KnyshovDmitry\Downloads\12345-main\12345-main\publish\bin\tls_clienthello_max_ru.bin" --new --filter-udp=443 --ipset="C:\Users\KnyshovDmitry\Downloads\12345-main\12345-main\publish\lists\ipset-all.txt" --hostlist-exclude="C:\Users\KnyshovDmitry\Downloads\12345-main\12345-main\publish\lists\list-exclude.txt" --hostlist-exclude="C:\Users\KnyshovDmitry\Downloads\12345-main\12345-main\publish\lists\list-exclude-user.txt" --ipset-exclude="C:\Users\KnyshovDmitry\Downloads\12345-main\12345-main\publish\lists\ipset-exclude.txt" --ipset-exclude="C:\Users\KnyshovDmitry\Downloads\12345-main\12345-main\publish\lists\ipset-exclude-user.txt" --dpi-desync=fake --dpi-desync-repeats=6 --dpi-desync-fake-quic="C:\Users\KnyshovDmitry\Downloads\12345-main\12345-main\publish\bin\quic_initial_www_google_com.bin" --new --filter-tcp=80,443,8443 --ipset="C:\Users\KnyshovDmitry\Downloads\12345-main\12345-main\publish\lists\ipset-all.txt" --hostlist-exclude="C:\Users\KnyshovDmitry\Downloads\12345-main\12345-main\publish\lists\list-exclude.txt" --hostlist-exclude="C:\Users\KnyshovDmitry\Downloads\12345-main\12345-main\publish\lists\list-exclude-user.txt" --ipset-exclude="C:\Users\KnyshovDmitry\Downloads\12345-main\12345-main\publish\lists\ipset-exclude.txt" --ipset-exclude="C:\Users\KnyshovDmitry\Downloads\12345-main\12345-main\publish\lists\ipset-exclude-user.txt" --dpi-desync=fake,fakedsplit --dpi-desync-repeats=6 --dpi-desync-fooling=ts --dpi-desync-fakedsplit-pattern=0x00 --dpi-desync-fake-tls="C:\Users\KnyshovDmitry\Downloads\12345-main\12345-main\publish\bin\stun.bin" --dpi-desync-fake-tls="C:\Users\KnyshovDmitry\Downloads\12345-main\12345-main\publish\bin\tls_clienthello_www_google_com.bin" --dpi-desync-fake-http="C:\Users\KnyshovDmitry\Downloads\12345-main\12345-main\publish\bin\tls_clienthello_max_ru.bin" --new --filter-tcp=1024-65535 --ipset="C:\Users\KnyshovDmitry\Downloads\12345-main\12345-main\publish\lists\ipset-all.txt" --ipset-exclude="C:\Users\KnyshovDmitry\Downloads\12345-main\12345-main\publish\lists\ipset-exclude.txt" --ipset-exclude="C:\Users\KnyshovDmitry\Downloads\12345-main\12345-main\publish\lists\ipset-exclude-user.txt" --dpi-desync=fake,fakedsplit --dpi-desync-repeats=6 --dpi-desync-any-protocol=1 --dpi-desync-cutoff=n4 --dpi-desync-fooling=ts --dpi-desync-fakedsplit-pattern=0x00 --dpi-desync-fake-tls="C:\Users\KnyshovDmitry\Downloads\12345-main\12345-main\publish\bin\stun.bin" --dpi-desync-fake-tls="C:\Users\KnyshovDmitry\Downloads\12345-main\12345-main\publish\bin\tls_clienthello_www_google_com.bin" --dpi-desync-fake-http="C:\Users\KnyshovDmitry\Downloads\12345-main\12345-main\publish\bin\tls_clienthello_max_ru.bin" --new --filter-udp=1024-65535 --ipset="C:\Users\KnyshovDmitry\Downloads\12345-main\12345-main\publish\lists\ipset-all.txt" --ipset-exclude="C:\Users\KnyshovDmitry\Downloads\12345-main\12345-main\publish\lists\ipset-exclude.txt" --ipset-exclude="C:\Users\KnyshovDmitry\Downloads\12345-main\12345-main\publish\lists\ipset-exclude-user.txt" --dpi-desync=fake --dpi-desync-repeats=12 --dpi-desync-any-protocol=1 --dpi-desync-fake-unknown-udp="C:\Users\KnyshovDmitry\Downloads\12345-main\12345-main\publish\bin\quic_initial_dbankcloud_ru.bin" --dpi-desync-cutoff=n3
[2026-05-21 12:50:27] [OK] Служба установлена и запущена: zapret
[2026-05-21 12:50:27] [OK] Служба 'zapret' установлена и запущена: general (ALT).bat
[2026-05-21 12:50:27] [STEP] Проверка доступности С обходом (ждём 5 сек...)
[2026-05-21 12:50:38] [OK] discord.com: HTTP 200
[2026-05-21 12:50:38] [OK] youtube.com: HTTP 200
[2026-05-21 12:50:38] [WARN] gateway.discord: всё ещё недоступен
[2026-05-21 12:50:38] [WARN] googlevideo.com: всё ещё недоступен
[2026-05-21 12:50:38] [WARN] Частично: 2/4. Попробуйте другую стратегию.
[2026-05-21 12:50:38] [INFO] Дальнейшие команды:
[2026-05-21 12:50:38] [INFO]   zapret-manager --menu       — сервисное меню
[2026-05-21 12:50:38] [INFO]   zapret-manager --menu → 10 — диагностика
[2026-05-21 12:50:38] [INFO]   zapret-manager --menu → 11 — тест всех конфигов
[2026-05-21 12:50:38] [INFO] Нажмите любую клавишу для выхода...
[2026-05-21 12:50:39] [INFO] === Установка завершена ===
