[2026-05-21 14:03:48] [INFO] === ZAPRET MANAGER started ===
[2026-05-21 14:03:48] [INFO] OS: Microsoft Windows NT 10.0.26200.0 | .NET: 8.0.27
[2026-05-21 14:03:48] [INFO] Фоновая проверка обновлений запущена (интервал: каждый час)
[2026-05-21 14:03:48] [STEP] ZAPRET AUTO-SETUP
[2026-05-21 14:03:48] [INFO] Manager: v2.2.0  |  Zapret Core: 1.9.8c
[2026-05-21 14:03:48] [INFO] Рабочая папка: C:\Users\KnyshovDmitry\Downloads\12345-main\12345-main\publish
[2026-05-21 14:03:48] [INFO] .NET: 8.0.27
[2026-05-21 14:04:12] [OK] Manager актуален: v2.2.0
[2026-05-21 14:04:12] [OK] Zapret core актуален: 1.9.8c
[2026-05-21 14:04:12] [STEP] УДАЛЕНИЕ ZAPRET
[2026-05-21 14:04:13] [OK] Служба удалена: zapret
[2026-05-21 14:04:13] [OK] Служба удалена: zapret
[2026-05-21 14:04:13] [OK] Служба удалена: WinDivert
[2026-05-21 14:04:13] [OK] Служба удалена: WinDivert14
[2026-05-21 14:04:13] [OK] Ваши списки в папке lists/ сохранены.
[2026-05-21 14:04:15] [STEP] ZAPRET AUTO-SETUP
[2026-05-21 14:04:15] [INFO] Manager: v2.2.0  |  Zapret Core: 1.9.8c
[2026-05-21 14:04:15] [INFO] Рабочая папка: C:\Users\KnyshovDmitry\Downloads\12345-main\12345-main\publish
[2026-05-21 14:04:15] [INFO] .NET: 8.0.27
[2026-05-21 14:04:16] [OK] Manager актуален: v2.2.0
[2026-05-21 14:04:16] [OK] Zapret core актуален: 1.9.8c
[2026-05-21 14:04:16] [STEP] Проверка необходимых файлов
[2026-05-21 14:04:16] [OK] winws.exe найден
[2026-05-21 14:04:16] [OK] curl.exe найден
[2026-05-21 14:04:16] [STEP] Защита файлов от антивируса
[2026-05-21 14:04:17] [INFO] Added Defender folder exclusion: C:\Users\KnyshovDmitry\Downloads\12345-main\12345-main\publish
[2026-05-21 14:04:17] [INFO] Added Defender folder exclusion: C:\Users\KnyshovDmitry\Downloads\12345-main\12345-main
[2026-05-21 14:04:18] [INFO] Added Defender process exclusion: winws.exe
[2026-05-21 14:04:18] [INFO] Added Defender process exclusion: TgWsProxy_windows.exe
[2026-05-21 14:04:18] [OK] Папка C:\Users\KnyshovDmitry\Downloads\12345-main\12345-main\publish добавлена в исключения Windows Defender. Все файлы на месте.
[2026-05-21 14:04:18] [STEP] Проверка TgWsProxy
[2026-05-21 14:04:18] [OK] TgWsProxy_windows.exe: C:\Users\KnyshovDmitry\Downloads\12345-main\12345-main\publish\TgWsProxy_windows.exe
[2026-05-21 14:04:18] [STEP] Проверка конфликтующих служб
[2026-05-21 14:04:18] [OK] Конфликтующих служб не найдено
[2026-05-21 14:04:18] [STEP] Настройка Game Filter
[2026-05-21 14:04:18] [INFO] Текущий статус: TCP + UDP
[2026-05-21 14:04:23] [INFO] Game Filter не изменён
[2026-05-21 14:04:23] [STEP] Настройка IPSet фильтра
[2026-05-21 14:04:23] [INFO] Текущий режим: loaded
[2026-05-21 14:04:28] [OK] IPSet: any (обход всех IP)
[2026-05-21 14:04:28] [STEP] Настройка режима обновлений
[2026-05-21 14:04:28] [INFO] Текущий режим: ручной
[2026-05-21 14:04:33] [OK] Режим обновлений: автоматический
[2026-05-21 14:04:33] [STEP] Включение TCP timestamps
[2026-05-21 14:04:33] [OK] TCP timestamps включены
[2026-05-21 14:04:33] [STEP] Загрузка списков IP и доменов с GitHub
[2026-05-21 14:04:33] [OK] ipset-all.txt: 30996 строк
[2026-05-21 14:04:33] [OK] list-general.txt: 50 строк
[2026-05-21 14:04:33] [OK] ipset-exclude.txt: 11 строк
[2026-05-21 14:04:33] [OK] list-exclude.txt: 94 строк
[2026-05-21 14:04:33] [OK] list-google.txt: 19 строк
[2026-05-21 14:04:33] [STEP] Очистка списков (дубликаты, пустые строки, невалидные IP)
[2026-05-21 14:04:36] [OK] Списки очищены
[2026-05-21 14:04:36] [STEP] Обновление файла hosts
[2026-05-21 14:04:36] [OK] Файл hosts актуален
[2026-05-21 14:04:36] [OK] Файл hosts актуален
[2026-05-21 14:04:36] [STEP] Проверка доступности сайтов БЕЗ обхода
[2026-05-21 14:04:44] [WARN] discord.com: недоступен (нужен обход)
[2026-05-21 14:04:44] [WARN] youtube.com: недоступен (нужен обход)
[2026-05-21 14:04:44] [WARN] gateway.discord: недоступен (нужен обход)
[2026-05-21 14:04:44] [WARN] googlevideo.com: недоступен (нужен обход)
[2026-05-21 14:04:44] [INFO] Найдено конфигов: 19
[2026-05-21 14:04:47] [INFO] ParseArgs [general (ALT11).bat]: length=6959
[2026-05-21 14:04:47] [STEP] Установка службы Windows: general (ALT11).bat
[2026-05-21 14:04:47] [INFO] Аргументы winws: --wf-tcp=80,443,2053,2083,2087,2096,8443,1024-65535 --wf-udp=443,19294-19344,50000-50100,1024-65535 --filter-udp=443 --hostlist="C:\Users\KnyshovDmitry\Downloads\12345-main\12345-main\publish\lists\list-general.txt" --hostlist="C:\Users\KnyshovDmitry\Downloads\12345-main\12345-main\publish\lists\list-general-user.txt" --hostlist-exclude="C:\Users\KnyshovDmitry\Downloads\12345-main\12345-main\publish\lists\list-exclude.txt" --hostlist-exclude="C:\Users\KnyshovDmitry\Downloads\12345-main\12345-main\publish\lists\list-exclude-user.txt" --ipset-exclude="C:\Users\KnyshovDmitry\Downloads\12345-main\12345-main\publish\lists\ipset-exclude.txt" --ipset-exclude="C:\Users\KnyshovDmitry\Downloads\12345-main\12345-main\publish\lists\ipset-exclude-user.txt" --dpi-desync=fake --dpi-desync-repeats=11 --dpi-desync-fake-quic="C:\Users\KnyshovDmitry\Downloads\12345-main\12345-main\publish\bin\quic_initial_www_google_com.bin" --new --filter-udp=19294-19344,50000-50100 --filter-l7=discord,stun --dpi-desync=fake --dpi-desync-fake-discord="C:\Users\KnyshovDmitry\Downloads\12345-main\12345-main\publish\bin\quic_initial_dbankcloud_ru.bin" --dpi-desync-fake-stun="C:\Users\KnyshovDmitry\Downloads\12345-main\12345-main\publish\bin\quic_initial_dbankcloud_ru.bin" --dpi-desync-repeats=6 --new --filter-tcp=2053,2083,2087,2096,8443 --hostlist-domains=discord.media --dpi-desync=fake,multisplit --dpi-desync-split-seqovl=681 --dpi-desync-split-pos=1 --dpi-desync-fooling=ts --dpi-desync-repeats=8 --dpi-desync-split-seqovl-pattern="C:\Users\KnyshovDmitry\Downloads\12345-main\12345-main\publish\bin\tls_clienthello_www_google_com.bin" --dpi-desync-fake-tls="C:\Users\KnyshovDmitry\Downloads\12345-main\12345-main\publish\bin\tls_clienthello_www_google_com.bin" --new --filter-tcp=443 --hostlist="C:\Users\KnyshovDmitry\Downloads\12345-main\12345-main\publish\lists\list-google.txt" --ip-id=zero --dpi-desync=fake,multisplit --dpi-desync-split-seqovl=681 --dpi-desync-split-pos=1 --dpi-desync-fooling=ts --dpi-desync-repeats=8 --dpi-desync-split-seqovl-pattern="C:\Users\KnyshovDmitry\Downloads\12345-main\12345-main\publish\bin\tls_clienthello_www_google_com.bin" --dpi-desync-fake-tls="C:\Users\KnyshovDmitry\Downloads\12345-main\12345-main\publish\bin\tls_clienthello_www_google_com.bin" --new --filter-tcp=80,443 --hostlist="C:\Users\KnyshovDmitry\Downloads\12345-main\12345-main\publish\lists\list-general.txt" --hostlist="C:\Users\KnyshovDmitry\Downloads\12345-main\12345-main\publish\lists\list-general-user.txt" --hostlist-exclude="C:\Users\KnyshovDmitry\Downloads\12345-main\12345-main\publish\lists\list-exclude.txt" --hostlist-exclude="C:\Users\KnyshovDmitry\Downloads\12345-main\12345-main\publish\lists\list-exclude-user.txt" --ipset-exclude="C:\Users\KnyshovDmitry\Downloads\12345-main\12345-main\publish\lists\ipset-exclude.txt" --ipset-exclude="C:\Users\KnyshovDmitry\Downloads\12345-main\12345-main\publish\lists\ipset-exclude-user.txt" --dpi-desync=fake,multisplit --dpi-desync-split-seqovl=664 --dpi-desync-split-pos=1 --dpi-desync-fooling=ts --dpi-desync-repeats=8 --dpi-desync-split-seqovl-pattern="C:\Users\KnyshovDmitry\Downloads\12345-main\12345-main\publish\bin\tls_clienthello_max_ru.bin" --dpi-desync-fake-tls="C:\Users\KnyshovDmitry\Downloads\12345-main\12345-main\publish\bin\stun.bin" --dpi-desync-fake-tls="C:\Users\KnyshovDmitry\Downloads\12345-main\12345-main\publish\bin\tls_clienthello_max_ru.bin" --dpi-desync-fake-http="C:\Users\KnyshovDmitry\Downloads\12345-main\12345-main\publish\bin\tls_clienthello_max_ru.bin" --new --filter-udp=443 --ipset="C:\Users\KnyshovDmitry\Downloads\12345-main\12345-main\publish\lists\ipset-all.txt" --hostlist-exclude="C:\Users\KnyshovDmitry\Downloads\12345-main\12345-main\publish\lists\list-exclude.txt" --hostlist-exclude="C:\Users\KnyshovDmitry\Downloads\12345-main\12345-main\publish\lists\list-exclude-user.txt" --ipset-exclude="C:\Users\KnyshovDmitry\Downloads\12345-main\12345-main\publish\lists\ipset-exclude.txt" --ipset-exclude="C:\Users\KnyshovDmitry\Downloads\12345-main\12345-main\publish\lists\ipset-exclude-user.txt" --dpi-desync=fake --dpi-desync-repeats=11 --dpi-desync-fake-quic="C:\Users\KnyshovDmitry\Downloads\12345-main\12345-main\publish\bin\quic_initial_www_google_com.bin" --new --filter-tcp=80,443,8443 --ipset="C:\Users\KnyshovDmitry\Downloads\12345-main\12345-main\publish\lists\ipset-all.txt" --hostlist-exclude="C:\Users\KnyshovDmitry\Downloads\12345-main\12345-main\publish\lists\list-exclude.txt" --hostlist-exclude="C:\Users\KnyshovDmitry\Downloads\12345-main\12345-main\publish\lists\list-exclude-user.txt" --ipset-exclude="C:\Users\KnyshovDmitry\Downloads\12345-main\12345-main\publish\lists\ipset-exclude.txt" --ipset-exclude="C:\Users\KnyshovDmitry\Downloads\12345-main\12345-main\publish\lists\ipset-exclude-user.txt" --dpi-desync=fake,multisplit --dpi-desync-split-seqovl=664 --dpi-desync-split-pos=1 --dpi-desync-fooling=ts --dpi-desync-repeats=8 --dpi-desync-split-seqovl-pattern="C:\Users\KnyshovDmitry\Downloads\12345-main\12345-main\publish\bin\tls_clienthello_max_ru.bin" --dpi-desync-fake-tls="C:\Users\KnyshovDmitry\Downloads\12345-main\12345-main\publish\bin\stun.bin" --dpi-desync-fake-tls="C:\Users\KnyshovDmitry\Downloads\12345-main\12345-main\publish\bin\tls_clienthello_max_ru.bin" --dpi-desync-fake-http="C:\Users\KnyshovDmitry\Downloads\12345-main\12345-main\publish\bin\tls_clienthello_max_ru.bin" --new --filter-tcp=1024-65535 --ipset="C:\Users\KnyshovDmitry\Downloads\12345-main\12345-main\publish\lists\ipset-all.txt" --ipset-exclude="C:\Users\KnyshovDmitry\Downloads\12345-main\12345-main\publish\lists\ipset-exclude.txt" --ipset-exclude="C:\Users\KnyshovDmitry\Downloads\12345-main\12345-main\publish\lists\ipset-exclude-user.txt" --dpi-desync=fake,multisplit --dpi-desync-any-protocol=1 --dpi-desync-cutoff=n4 --dpi-desync-split-seqovl=664 --dpi-desync-split-pos=1 --dpi-desync-fooling=ts --dpi-desync-repeats=8 --dpi-desync-split-seqovl-pattern="C:\Users\KnyshovDmitry\Downloads\12345-main\12345-main\publish\bin\tls_clienthello_max_ru.bin" --dpi-desync-fake-tls="C:\Users\KnyshovDmitry\Downloads\12345-main\12345-main\publish\bin\stun.bin" --dpi-desync-fake-tls="C:\Users\KnyshovDmitry\Downloads\12345-main\12345-main\publish\bin\tls_clienthello_max_ru.bin" --dpi-desync-fake-http="C:\Users\KnyshovDmitry\Downloads\12345-main\12345-main\publish\bin\tls_clienthello_max_ru.bin" --new --filter-udp=1024-65535 --ipset="C:\Users\KnyshovDmitry\Downloads\12345-main\12345-main\publish\lists\ipset-all.txt" --ipset-exclude="C:\Users\KnyshovDmitry\Downloads\12345-main\12345-main\publish\lists\ipset-exclude.txt" --ipset-exclude="C:\Users\KnyshovDmitry\Downloads\12345-main\12345-main\publish\lists\ipset-exclude-user.txt" --dpi-desync=fake --dpi-desync-repeats=10 --dpi-desync-any-protocol=1 --dpi-desync-fake-unknown-udp="C:\Users\KnyshovDmitry\Downloads\12345-main\12345-main\publish\bin\quic_initial_dbankcloud_ru.bin" --dpi-desync-cutoff=n4
[2026-05-21 14:04:49] [OK] Служба установлена и запущена: zapret
[2026-05-21 14:04:49] [OK] Служба 'zapret' установлена и запущена: general (ALT11).bat
[2026-05-21 14:04:49] [STEP] Проверка доступности С обходом (ждём 5 сек...)
[2026-05-21 14:05:00] [OK] discord.com: HTTP 200
[2026-05-21 14:05:00] [OK] youtube.com: HTTP 200
[2026-05-21 14:05:00] [WARN] gateway.discord: всё ещё недоступен
[2026-05-21 14:05:00] [WARN] googlevideo.com: всё ещё недоступен
[2026-05-21 14:05:00] [WARN] Частично: 2/4. Попробуйте другую стратегию.
[2026-05-21 14:05:03] [INFO] === Установка завершена ===
[2026-05-21 14:05:03] [STEP] ZAPRET AUTO-SETUP
[2026-05-21 14:05:03] [INFO] Manager: v2.2.0  |  Zapret Core: 1.9.8c
[2026-05-21 14:05:03] [INFO] Рабочая папка: C:\Users\KnyshovDmitry\Downloads\12345-main\12345-main\publish
[2026-05-21 14:05:03] [INFO] .NET: 8.0.27
[2026-05-21 14:05:09] [OK] Manager актуален: v2.2.0
[2026-05-21 14:05:09] [OK] Zapret core актуален: 1.9.8c
[2026-05-21 14:05:09] [STEP] ДИАГНОСТИКА
[2026-05-21 14:05:09] [STEP] Запуск полной диагностики...
[2026-05-21 14:05:09] [OK] Base Filtering Engine check passed
[2026-05-21 14:05:09] [OK] Proxy check passed
[2026-05-21 14:05:09] [OK] TCP timestamps successfully enabled
[2026-05-21 14:05:09] [OK] Adguard check passed
[2026-05-21 14:05:09] [OK] Killer check passed
[2026-05-21 14:05:09] [OK] Intel Connectivity check passed
[2026-05-21 14:05:09] [OK] Check Point check passed
[2026-05-21 14:05:09] [OK] SmartByte check passed
[2026-05-21 14:05:09] [OK] WinDivert64.sys found
[2026-05-21 14:05:09] [WARN] [?] VPN services found: Adguard VPN Service, MBVpnTunnelService, OpenVPNAccessClient. Some VPNs can conflict with zapret. Make sure all VPNs are disabled
[2026-05-21 14:05:09] [WARN] [?] Make sure you have configured secure DNS in a browser with some non-default DNS service provider. If you use Windows 11, you can configure encrypted DNS in Settings to hide this warning
[2026-05-21 14:05:09] [OK] Hosts file check passed
[2026-05-21 14:05:09] [OK] WinDivert conflict check passed
[2026-05-21 14:05:09] [OK] Конфликтующих служб не найдено
[2026-05-21 14:05:09] [STEP] Проверка доступности ресурсов...
[2026-05-21 14:05:15] [OK] discord.com: HTTP 200
[2026-05-21 14:05:15] [OK] youtube.com: HTTP 200
[2026-05-21 14:05:15] [WARN] gateway.discord: недоступен
[2026-05-21 14:05:15] [WARN] googlevideo.com: недоступен
[2026-05-21 14:05:15] [OK] Все критичные файлы на месте
[2026-05-21 14:05:18] [INFO] Кэш Discord не найден
[2026-05-21 14:05:21] [STEP] ЭКСПОРТ ОТЧЁТА
[2026-05-21 14:05:21] [OK] Отчёт сохранён: C:\Users\KnyshovDmitry\Downloads\12345-main\12345-main\publish\logs\diagnostics_20260521_140521.txt
[2026-05-21 14:05:21] [OK] Отчёт: C:\Users\KnyshovDmitry\Downloads\12345-main\12345-main\publish\logs\diagnostics_20260521_140521.txt
[2026-05-21 14:05:32] [STEP] ZAPRET AUTO-SETUP
[2026-05-21 14:05:32] [INFO] Manager: v2.2.0  |  Zapret Core: 1.9.8c
[2026-05-21 14:05:32] [INFO] Рабочая папка: C:\Users\KnyshovDmitry\Downloads\12345-main\12345-main\publish
[2026-05-21 14:05:32] [INFO] .NET: 8.0.27
[2026-05-21 14:05:34] [OK] Manager актуален: v2.2.0
[2026-05-21 14:05:34] [OK] Zapret core актуален: 1.9.8c
