[2026-05-21 11:45:52] [INFO] === ZAPRET MANAGER started ===
[2026-05-21 11:45:52] [INFO] OS: Microsoft Windows NT 10.0.26200.0 | .NET: 8.0.27
[2026-05-21 11:45:52] [STEP] ZAPRET AUTO-SETUP
[2026-05-21 11:45:52] [INFO] Manager: v2.2.0  |  Zapret Core: 1.9.8c
[2026-05-21 11:45:52] [INFO] Рабочая папка: C:\Users\KnyshovDmitry\Downloads\12345-main\12345-main\publish
[2026-05-21 11:45:52] [INFO] .NET: 8.0.27
[2026-05-21 11:45:54] [OK] Manager актуален: v2.2.0
[2026-05-21 11:45:54] [OK] Zapret core актуален: 1.9.8c
[2026-05-21 11:45:56] [STEP] ОБНОВЛЕНИЕ IPSET
[2026-05-21 11:45:56] [OK] ipset-all.txt обновлён (30996 строк)
[2026-05-21 11:46:00] [STEP] ОБНОВЛЕНИЕ HOSTS
[2026-05-21 11:46:00] [OK] Файл hosts актуален
[2026-05-21 11:46:00] [OK] Файл hosts актуален
[2026-05-21 11:46:04] [STEP] ПРОВЕРКА ОБНОВЛЕНИЙ
[2026-05-21 11:46:04] [INFO] Текущие версии: Manager v2.2.0 | Zapret Core 1.9.8c
[2026-05-21 11:46:04] [STEP] Этап 1: Проверка обновлений zapret-manager...
[2026-05-21 11:46:04] [OK] Zapret Manager актуален: v2.2.0
[2026-05-21 11:46:04] [STEP] Этап 2: Проверка обновлений zapret core (Flowseal)...
[2026-05-21 11:46:04] [OK] Zapret core актуален: 1.9.8c
[2026-05-21 11:46:12] [STEP] IPSET ФИЛЬТР
[2026-05-21 11:46:12] [INFO] Текущий режим: loaded
[2026-05-21 11:46:12] [OK] Переключено в режим 'none'
[2026-05-21 11:46:14] [STEP] IPSET ФИЛЬТР
[2026-05-21 11:46:14] [INFO] Текущий режим: none
[2026-05-21 11:46:14] [OK] Переключено в режим 'any'
[2026-05-21 11:46:18] [OK] Автопроверка включена
[2026-05-21 11:46:24] [STEP] СТАТУС СЛУЖБ
[2026-05-21 11:46:24] [WARN] zapret: Stopped
[2026-05-21 11:46:24] [OK] WinDivert: Running
[2026-05-21 11:46:24] [INFO] WinDivert14: не установлена
[2026-05-21 11:46:24] [OK] WinDivert64.sys найден
[2026-05-21 11:46:24] [WARN] Bypass (winws.exe) НЕ запущен
[2026-05-21 11:46:24] [INFO] Стратегия: не установлена
[2026-05-21 11:46:30] [STEP] СТАТУС СЛУЖБ
[2026-05-21 11:46:30] [WARN] zapret: Stopped
[2026-05-21 11:46:30] [OK] WinDivert: Running
[2026-05-21 11:46:30] [INFO] WinDivert14: не установлена
[2026-05-21 11:46:30] [OK] WinDivert64.sys найден
[2026-05-21 11:46:30] [WARN] Bypass (winws.exe) НЕ запущен
[2026-05-21 11:46:30] [INFO] Стратегия: не установлена
[2026-05-21 11:46:36] [STEP] СТАТУС СЛУЖБ
[2026-05-21 11:46:36] [WARN] zapret: Stopped
[2026-05-21 11:46:36] [OK] WinDivert: Running
[2026-05-21 11:46:36] [INFO] WinDivert14: не установлена
[2026-05-21 11:46:36] [OK] WinDivert64.sys найден
[2026-05-21 11:46:36] [WARN] Bypass (winws.exe) НЕ запущен
[2026-05-21 11:46:36] [INFO] Стратегия: не установлена
[2026-05-21 11:46:42] [STEP] СТАТУС СЛУЖБ
[2026-05-21 11:46:42] [WARN] zapret: Stopped
[2026-05-21 11:46:42] [OK] WinDivert: Running
[2026-05-21 11:46:42] [INFO] WinDivert14: не установлена
[2026-05-21 11:46:42] [OK] WinDivert64.sys найден
[2026-05-21 11:46:42] [WARN] Bypass (winws.exe) НЕ запущен
[2026-05-21 11:46:42] [INFO] Стратегия: не установлена
[2026-05-21 11:46:49] [STEP] СТАТУС СЛУЖБ
[2026-05-21 11:46:49] [WARN] zapret: Stopped
[2026-05-21 11:46:49] [OK] WinDivert: Running
[2026-05-21 11:46:49] [INFO] WinDivert14: не установлена
[2026-05-21 11:46:49] [OK] WinDivert64.sys найден
[2026-05-21 11:46:49] [WARN] Bypass (winws.exe) НЕ запущен
[2026-05-21 11:46:49] [INFO] Стратегия: не установлена
[2026-05-21 11:46:53] [STEP] СТАТУС СЛУЖБ
[2026-05-21 11:46:53] [WARN] zapret: Stopped
[2026-05-21 11:46:53] [OK] WinDivert: Running
[2026-05-21 11:46:53] [INFO] WinDivert14: не установлена
[2026-05-21 11:46:53] [OK] WinDivert64.sys найден
[2026-05-21 11:46:53] [WARN] Bypass (winws.exe) НЕ запущен
[2026-05-21 11:46:53] [INFO] Стратегия: не установлена
