[2026-05-20 13:19:40] [INFO] === ZAPRET MANAGER started ===
[2026-05-20 13:19:40] [INFO] OS: Microsoft Windows NT 10.0.26200.0 | .NET: 8.0.27
[2026-05-20 13:19:40] [STEP] ZAPRET AUTO-SETUP v2.1
[2026-05-20 13:19:40] [INFO] Рабочая папка: C:\Users\KnyshovDmitry\Downloads\12345-main\12345-main\publish
[2026-05-20 13:19:40] [INFO] .NET: 8.0.27
[2026-05-20 13:19:44] [WARN] Доступна новая версия zapret-manager: v2.1.0 (у вас: v?)
[2026-05-20 13:19:53] [WARN] Доступна новая версия zapret core: 1.9.8c (у вас: ?)
[2026-05-20 13:19:54] [STEP] Создание резервной копии...
[2026-05-20 13:19:54] [OK] Backup создан: C:\Users\KnyshovDmitry\Downloads\12345-main\12345-main\publish\backups\backup_20260520_131954
[2026-05-20 13:19:56] [STEP] Проверка необходимых файлов
[2026-05-20 13:19:56] [OK] winws.exe найден
[2026-05-20 13:19:56] [OK] curl.exe найден
[2026-05-20 13:19:56] [STEP] Проверка конфликтующих служб
[2026-05-20 13:19:56] [OK] Конфликтующих служб не найдено
[2026-05-20 13:19:56] [STEP] Настройка Game Filter
[2026-05-20 13:19:56] [INFO] Текущий статус: выкл
[2026-05-20 13:20:06] [OK] Game Filter: TCP+UDP
[2026-05-20 13:20:06] [STEP] Включение TCP timestamps
[2026-05-20 13:20:06] [OK] TCP timestamps включены
[2026-05-20 13:20:06] [STEP] Загрузка списков IP и доменов с GitHub
[2026-05-20 13:20:07] [OK] list-google.txt: 19 строк
[2026-05-20 13:20:07] [OK] list-exclude.txt: 94 строк
[2026-05-20 13:20:07] [OK] ipset-all.txt: 30996 строк
[2026-05-20 13:20:07] [OK] list-general.txt: 50 строк
[2026-05-20 13:20:07] [OK] ipset-exclude.txt: 11 строк
[2026-05-20 13:20:07] [STEP] Очистка списков (дубликаты, пустые строки, невалидные IP)
[2026-05-20 13:20:08] [OK] Списки очищены
[2026-05-20 13:20:08] [STEP] Обновление файла hosts
[2026-05-20 13:20:08] [OK] Файл hosts актуален
[2026-05-20 13:20:08] [STEP] Проверка доступности сайтов БЕЗ обхода
[2026-05-20 13:20:16] [WARN] discord.com: недоступен (нужен обход)
[2026-05-20 13:20:16] [WARN] youtube.com: недоступен (нужен обход)
[2026-05-20 13:20:16] [WARN] gateway.discord: недоступен (нужен обход)
[2026-05-20 13:20:16] [WARN] googlevideo.com: недоступен (нужен обход)
[2026-05-20 13:20:16] [INFO] Найдено конфигов: 19
[2026-05-20 13:22:12] [INFO] Загружено 4 целей из config.json
[2026-05-20 13:22:12] [STEP] СТАНДАРТНЫЕ ТЕСТЫ (19 конфигов, 4 целей)
[2026-05-20 13:22:12] [WARN] Тесты займут несколько минут. Пожалуйста, подождите...
[2026-05-20 13:22:13] [INFO] Запуск конфигурации...
[2026-05-20 13:22:18] [INFO] Выполнение тестов...
[2026-05-20 13:22:25] [INFO] Запуск конфигурации...
[2026-05-20 13:22:30] [INFO] Выполнение тестов...
[2026-05-20 13:22:50] [INFO] Запуск конфигурации...
[2026-05-20 13:22:55] [INFO] Выполнение тестов...
