[2026-05-19 16:50:01] [INFO] === ZAPRET AUTO-SETUP started ===
[2026-05-19 16:50:01] [INFO] PowerShell: 5.1.26100.7705 | OS: Windows_NT | Admin: True
[2026-05-19 16:50:01] [STEP] HEADER: ZAPRET AUTO-SETUP v2.1
[2026-05-19 16:50:01] [INFO] Рабочая папка: C:\Users\KnyshovDmitry\Downloads\12345-main\12345-main
[2026-05-19 16:50:01] [INFO] PowerShell: 5.1.26100.7705
[2026-05-19 16:50:01] [STEP] Проверка прав администратора
[2026-05-19 16:50:01] [OK] Права администратора подтверждены
[2026-05-19 16:50:01] [STEP] HEADER: ДОСТУПНО ОБНОВЛЕНИЕ СКРИПТОВ 12345
[2026-05-19 16:50:01] [INFO] Новая версия: 599932e
[2026-05-19 16:50:08] [INFO] Обновление скриптов 12345...
[2026-05-19 16:50:08] [INFO] Downloading 12345 archive...
[2026-05-19 16:50:08] [DEBUG] Downloading https://github.com/WildeSR98/12345/archive/refs/heads/main.zip -> C:\Users\KNYSHO~1\AppData\Local\Temp\12345_update_1004912914.zip
[2026-05-19 16:50:16] [INFO] Extracting 12345...
[2026-05-19 16:50:18] [DEBUG] Создание бэкапа: backup_20260519_165018
[2026-05-19 16:50:18] [INFO] Бэкап создан: C:\Users\KnyshovDmitry\Downloads\12345-main\12345-main\backups\backup_20260519_165018
[2026-05-19 16:50:18] [INFO] Stopping services before update...
[2026-05-19 16:50:19] [DEBUG] winws.exe остановлен
[2026-05-19 16:50:19] [DEBUG] Служба удалена: zapret
[2026-05-19 16:50:19] [DEBUG] Служба удалена: WinDivert
[2026-05-19 16:50:19] [DEBUG] Служба удалена: WinDivert14
[2026-05-19 16:50:19] [OK] 12345 files updated
[2026-05-19 16:50:19] [DEBUG] Очищен temp: C:\Users\KNYSHO~1\AppData\Local\Temp\12345_update_1004912914.zip
[2026-05-19 16:50:19] [DEBUG] Очищен temp: C:\Users\KNYSHO~1\AppData\Local\Temp\12345_update_extracted_167399625
[2026-05-19 16:50:19] [OK] Обновление установлено! Перезапустите autosetup.bat
