[2026-05-22 14:07:13] [INFO] === ZAPRET MANAGER started ===
[2026-05-22 14:07:13] [INFO] OS: Microsoft Windows NT 10.0.26200.0 | .NET: 8.0.27
[2026-05-22 14:07:13] [INFO] Фоновая проверка обновлений запущена (интервал: каждый час)
[2026-05-22 14:07:13] [INFO] Tray-процесс запущен
[2026-05-22 14:07:13] [STEP] ZAPRET AUTO-SETUP
[2026-05-22 14:07:13] [INFO] Manager: v3.0.0  |  Zapret Core: 1.9.8c
[2026-05-22 14:07:13] [INFO] Рабочая папка: C:\Users\KnyshovDmitry\Downloads\12345-main\12345-main\publish\net8
[2026-05-22 14:07:13] [INFO] .NET: 8.0.27
[2026-05-22 14:07:17] [OK] Manager актуален: v
[2026-05-22 14:07:17] [OK] Zapret core актуален: 1.9.8c
[2026-05-22 14:07:17] [STEP] ТЕСТ СТРАТЕГИЙ И УСТАНОВКА
[2026-05-22 14:07:19] [INFO] Загружено 4 целей из config.json
[2026-05-22 14:07:19] [INFO] Найдено конфигов: 19
[2026-05-22 14:07:25] [OK] Выбрано конфигов: 2
[2026-05-22 14:07:26] [STEP] СТАНДАРТНЫЕ ТЕСТЫ (2 конфигов, 4 целей)
[2026-05-22 14:07:26] [WARN] Тесты займут несколько минут. Пожалуйста, подождите...
[2026-05-22 14:07:27] [INFO] Запуск конфигурации...
[2026-05-22 14:07:32] [INFO] Выполнение тестов...
[2026-05-22 14:07:38] [INFO] Запуск конфигурации...
[2026-05-22 14:07:43] [INFO] Выполнение тестов...
[2026-05-22 14:07:48] [STEP] АНАЛИТИКА
[2026-05-22 14:07:48] [OK] Лучший конфиг: general (ALT9).bat
[2026-05-22 14:07:48] [OK] Результаты сохранены: C:\Users\KnyshovDmitry\Downloads\12345-main\12345-main\publish\net8\utils\test results\test_results_2026-05-22_14-07-48.txt
[2026-05-22 14:07:48] [OK] Лучшая стратегия: general (ALT9).bat
[2026-05-22 14:08:14] [STEP] ZAPRET AUTO-SETUP
[2026-05-22 14:08:14] [INFO] Manager: v3.0.0  |  Zapret Core: 1.9.8c
[2026-05-22 14:08:14] [INFO] Рабочая папка: C:\Users\KnyshovDmitry\Downloads\12345-main\12345-main\publish\net8
[2026-05-22 14:08:14] [INFO] .NET: 8.0.27
[2026-05-22 14:08:15] [OK] Manager актуален: v
[2026-05-22 14:08:15] [OK] Zapret core актуален: 1.9.8c
