[2026-05-22 13:54:37] [INFO] === ZAPRET MANAGER started ===
[2026-05-22 13:54:37] [INFO] OS: Microsoft Windows NT 10.0.26200.0 | .NET: 8.0.27
[2026-05-22 13:54:37] [INFO] Фоновая проверка обновлений запущена (интервал: каждый час)
[2026-05-22 13:54:37] [INFO] Tray-процесс запущен
[2026-05-22 13:54:37] [STEP] ZAPRET AUTO-SETUP
[2026-05-22 13:54:37] [INFO] Manager: v3.0.0  |  Zapret Core: 1.9.8c
[2026-05-22 13:54:37] [INFO] Рабочая папка: C:\Users\KnyshovDmitry\Downloads\12345-main\12345-main\publish\net8
[2026-05-22 13:54:37] [INFO] .NET: 8.0.27
[2026-05-22 13:54:40] [OK] Manager актуален: v
[2026-05-22 13:54:40] [OK] Zapret core актуален: 1.9.8c
[2026-05-22 13:54:42] [STEP] ПРОФИЛИ
[2026-05-22 13:54:48] [STEP] ZAPRET AUTO-SETUP
[2026-05-22 13:54:48] [INFO] Manager: v3.0.0  |  Zapret Core: 1.9.8c
[2026-05-22 13:54:48] [INFO] Рабочая папка: C:\Users\KnyshovDmitry\Downloads\12345-main\12345-main\publish\net8
[2026-05-22 13:54:48] [INFO] .NET: 8.0.27
[2026-05-22 13:54:54] [OK] Manager актуален: v
[2026-05-22 13:54:54] [OK] Zapret core актуален: 1.9.8c
[2026-05-22 13:54:54] [STEP] НАСТРОЙКИ
[2026-05-22 13:54:58] [STEP] ПРОФИЛИ
[2026-05-22 13:55:00] [STEP] НАСТРОЙКИ
[2026-05-22 13:55:03] [STEP] НАСТРОЙКА ОБНОВЛЕНИЙ
[2026-05-22 13:55:17] [OK] Задача планировщика создана: ZapretManagerUpdateCheck
[2026-05-22 13:55:17] [OK] Задача ZapretManagerUpdateCheck создана (каждый час + при входе)
[2026-05-22 13:55:18] [STEP] НАСТРОЙКИ
[2026-05-22 13:55:31] [OK] Автозапуск трея зарегистрирован в Планировщике задач
[2026-05-22 13:55:33] [STEP] НАСТРОЙКИ
[2026-05-22 13:55:35] [STEP] ZAPRET AUTO-SETUP
[2026-05-22 13:55:35] [INFO] Manager: v3.0.0  |  Zapret Core: 1.9.8c
[2026-05-22 13:55:35] [INFO] Рабочая папка: C:\Users\KnyshovDmitry\Downloads\12345-main\12345-main\publish\net8
[2026-05-22 13:55:35] [INFO] .NET: 8.0.27
[2026-05-22 13:55:37] [OK] Manager актуален: v
[2026-05-22 13:55:37] [OK] Zapret core актуален: 1.9.8c
[2026-05-22 13:55:38] [STEP] ТЕСТ СТРАТЕГИЙ И УСТАНОВКА
[2026-05-22 13:55:39] [INFO] Найдено конфигов: 19
[2026-05-22 13:55:49] [OK] Выбрано конфигов: 3
[2026-05-22 13:55:49] [INFO] IPSet переключён в режим 'any' для тестов
[2026-05-22 13:55:49] [INFO] Сохранён snapshot 1 запущенных winws.exe
[2026-05-22 13:55:49] [STEP] Загрузка DPI suite...
[2026-05-22 13:55:49] [OK] Загружено 36 целей
[2026-05-22 13:55:49] [WARN] DPI тесты займут несколько минут...
[2026-05-22 13:55:55] [INFO] DPI тест: 36 targets, range=0-65535, timeout=5s
[2026-05-22 13:56:19] [OK] Паттерн 16-20KB freeze не обнаружен.
[2026-05-22 13:56:26] [INFO] DPI тест: 36 targets, range=0-65535, timeout=5s
[2026-05-22 13:56:51] [WARN] Обнаружен паттерн блокировки DPI TCP 16-20KB.
[2026-05-22 13:56:58] [INFO] DPI тест: 36 targets, range=0-65535, timeout=5s
[2026-05-22 13:57:22] [WARN] Обнаружен паттерн блокировки DPI TCP 16-20KB.
[2026-05-22 13:57:23] [INFO] IPSet восстановлен из test-backup
[2026-05-22 13:57:24] [INFO] Перезапуск службы zapret...
[2026-05-22 13:57:26] [OK] Служба zapret перезапущена
[2026-05-22 13:57:26] [OK] Результаты сохранены: C:\Users\KnyshovDmitry\Downloads\12345-main\12345-main\publish\net8\utils\test results\dpi_results_2026-05-22_13-57-26.txt
[2026-05-22 13:57:26] [OK] Лучшая стратегия: general (ALT).bat
[2026-05-22 13:58:13] [STEP] Установка службы: general (ALT).bat
[2026-05-22 13:58:13] [INFO] ParseArgs [general (ALT).bat]: length=6450
[2026-05-22 13:58:16] [INFO] Recovery policy установлена: restart 5s/30s/60s
[2026-05-22 13:58:16] [OK] Служба установлена и запущена: zapret
[2026-05-22 13:58:16] [OK] Служба zapret установлена!
[2026-05-22 13:58:27] [OK] discord.com: HTTP 200
[2026-05-22 13:58:27] [OK] youtube.com: HTTP 200
[2026-05-22 13:58:27] [WARN] gateway.discord: недоступен
[2026-05-22 13:58:27] [WARN] googlevideo.com: недоступен
[2026-05-22 13:58:29] [STEP] ZAPRET AUTO-SETUP
[2026-05-22 13:58:29] [INFO] Manager: v3.0.0  |  Zapret Core: 1.9.8c
[2026-05-22 13:58:29] [INFO] Рабочая папка: C:\Users\KnyshovDmitry\Downloads\12345-main\12345-main\publish\net8
[2026-05-22 13:58:29] [INFO] .NET: 8.0.27
[2026-05-22 13:58:31] [OK] Manager актуален: v
[2026-05-22 13:58:31] [OK] Zapret core актуален: 1.9.8c
[2026-05-22 13:58:46] [STEP] ОПРЕДЕЛЕНИЕ ПРОВАЙДЕРА
[2026-05-22 13:58:46] [INFO] Определяю провайдера...
[2026-05-22 13:58:47] [ERROR] [IspDetector] HttpRequestException: Response status code does not indicate success: 404 (Not Found).
[2026-05-22 13:58:47] [INFO] Нет рекомендаций для данного ISP.
[2026-05-22 13:58:47] [INFO] Запустите тест стратегий (п.11) для подбора стратегии.
[2026-05-22 13:58:54] [STEP] ТЕСТЫ СТРАТЕГИЙ
[2026-05-22 13:58:55] [INFO] Найдено конфигов: 19
[2026-05-22 13:58:57] [INFO] Сохранён snapshot 1 запущенных winws.exe
[2026-05-22 13:58:57] [INFO] Загружено 4 целей из config.json
[2026-05-22 13:58:57] [STEP] СТАНДАРТНЫЕ ТЕСТЫ (19 конфигов, 4 целей)
[2026-05-22 13:58:57] [WARN] Тесты займут несколько минут. Пожалуйста, подождите...
[2026-05-22 13:58:58] [INFO] Запуск конфигурации...
[2026-05-22 13:59:03] [INFO] Выполнение тестов...
[2026-05-22 13:59:23] [INFO] Запуск конфигурации...
[2026-05-22 13:59:28] [INFO] Выполнение тестов...
[2026-05-22 13:59:48] [INFO] Запуск конфигурации...
[2026-05-22 13:59:53] [INFO] Выполнение тестов...
[2026-05-22 14:00:13] [INFO] Запуск конфигурации...
[2026-05-22 14:00:18] [INFO] Выполнение тестов...
[2026-05-22 14:00:38] [INFO] Запуск конфигурации...
[2026-05-22 14:00:43] [INFO] Выполнение тестов...
[2026-05-22 14:00:54] [INFO] Запуск конфигурации...
[2026-05-22 14:00:59] [INFO] Выполнение тестов...
[2026-05-22 14:01:19] [INFO] Запуск конфигурации...
[2026-05-22 14:01:24] [INFO] Выполнение тестов...
[2026-05-22 14:01:44] [INFO] Запуск конфигурации...
[2026-05-22 14:01:49] [INFO] Выполнение тестов...
[2026-05-22 14:02:09] [INFO] Запуск конфигурации...
[2026-05-22 14:02:14] [INFO] Выполнение тестов...
[2026-05-22 14:02:20] [INFO] Запуск конфигурации...
[2026-05-22 14:02:25] [INFO] Выполнение тестов...
[2026-05-22 14:02:31] [INFO] Запуск конфигурации...
[2026-05-22 14:02:36] [INFO] Выполнение тестов...
[2026-05-22 14:02:42] [INFO] Запуск конфигурации...
[2026-05-22 14:02:47] [INFO] Выполнение тестов...
[2026-05-22 14:03:07] [INFO] Запуск конфигурации...
[2026-05-22 14:03:12] [INFO] Выполнение тестов...
[2026-05-22 14:03:32] [INFO] Запуск конфигурации...
[2026-05-22 14:03:37] [INFO] Выполнение тестов...
[2026-05-22 14:03:43] [INFO] Запуск конфигурации...
[2026-05-22 14:03:48] [INFO] Выполнение тестов...
[2026-05-22 14:04:08] [INFO] Запуск конфигурации...
[2026-05-22 14:04:13] [INFO] Выполнение тестов...
[2026-05-22 14:04:33] [INFO] Запуск конфигурации...
[2026-05-22 14:04:38] [INFO] Выполнение тестов...
[2026-05-22 14:04:44] [INFO] Запуск конфигурации...
[2026-05-22 14:04:49] [INFO] Выполнение тестов...
[2026-05-22 14:04:55] [INFO] Запуск конфигурации...
[2026-05-22 14:05:00] [INFO] Выполнение тестов...
[2026-05-22 14:05:19] [STEP] АНАЛИТИКА
[2026-05-22 14:05:19] [OK] Лучший конфиг: general (ALT9).bat
[2026-05-22 14:05:19] [OK] Результаты сохранены: C:\Users\KnyshovDmitry\Downloads\12345-main\12345-main\publish\net8\utils\test results\test_results_2026-05-22_14-05-19.txt
[2026-05-22 14:05:43] [INFO] ParseArgs [general (ALT9).bat]: length=5154
[2026-05-22 14:05:46] [INFO] Recovery policy установлена: restart 5s/30s/60s
[2026-05-22 14:05:46] [OK] Служба установлена и запущена: zapret
[2026-05-22 14:05:46] [OK] Служба установлена
[2026-05-22 14:05:47] [INFO] Перезапуск службы zapret...
[2026-05-22 14:05:49] [OK] Служба zapret перезапущена
[2026-05-22 14:06:00] [STEP] ZAPRET AUTO-SETUP
[2026-05-22 14:06:00] [INFO] Manager: v3.0.0  |  Zapret Core: 1.9.8c
[2026-05-22 14:06:00] [INFO] Рабочая папка: C:\Users\KnyshovDmitry\Downloads\12345-main\12345-main\publish\net8
[2026-05-22 14:06:00] [INFO] .NET: 8.0.27
[2026-05-22 14:06:01] [OK] Manager актуален: v
[2026-05-22 14:06:01] [OK] Zapret core актуален: 1.9.8c
